Archive member included to satisfy reference by file (symbol)

/home/copyright/AboutPath/gcc-arm-none-eabi-10-2020-q4-major/bin/../lib/gcc/arm-none-eabi/10.2.1/../../../../arm-none-eabi/lib/thumb/v7-m/nofp/libc_nano.a(lib_a-exit.o)
                              /home/copyright/AboutPath/gcc-arm-none-eabi-10-2020-q4-major/bin/../lib/gcc/arm-none-eabi/10.2.1/../../../../arm-none-eabi/lib/thumb/v7-m/nofp/crt0.o (exit)
/home/copyright/AboutPath/gcc-arm-none-eabi-10-2020-q4-major/bin/../lib/gcc/arm-none-eabi/10.2.1/../../../../arm-none-eabi/lib/thumb/v7-m/nofp/libc_nano.a(lib_a-impure.o)
                              /home/copyright/AboutPath/gcc-arm-none-eabi-10-2020-q4-major/bin/../lib/gcc/arm-none-eabi/10.2.1/../../../../arm-none-eabi/lib/thumb/v7-m/nofp/libc_nano.a(lib_a-exit.o) (_global_impure_ptr)
/home/copyright/AboutPath/gcc-arm-none-eabi-10-2020-q4-major/bin/../lib/gcc/arm-none-eabi/10.2.1/../../../../arm-none-eabi/lib/thumb/v7-m/nofp/libc_nano.a(lib_a-init.o)
                              /home/copyright/AboutPath/gcc-arm-none-eabi-10-2020-q4-major/bin/../lib/gcc/arm-none-eabi/10.2.1/../../../../arm-none-eabi/lib/thumb/v7-m/nofp/crt0.o (__libc_init_array)
/home/copyright/AboutPath/gcc-arm-none-eabi-10-2020-q4-major/bin/../lib/gcc/arm-none-eabi/10.2.1/../../../../arm-none-eabi/lib/thumb/v7-m/nofp/libc_nano.a(lib_a-memset.o)
                              /home/copyright/AboutPath/gcc-arm-none-eabi-10-2020-q4-major/bin/../lib/gcc/arm-none-eabi/10.2.1/../../../../arm-none-eabi/lib/thumb/v7-m/nofp/crt0.o (memset)
/home/copyright/AboutPath/gcc-arm-none-eabi-10-2020-q4-major/bin/../lib/gcc/arm-none-eabi/10.2.1/../../../../arm-none-eabi/lib/thumb/v7-m/nofp/libc_nano.a(lib_a-printf.o)
                              build/main.o (printf)
/home/copyright/AboutPath/gcc-arm-none-eabi-10-2020-q4-major/bin/../lib/gcc/arm-none-eabi/10.2.1/../../../../arm-none-eabi/lib/thumb/v7-m/nofp/libc_nano.a(lib_a-findfp.o)
                              /home/copyright/AboutPath/gcc-arm-none-eabi-10-2020-q4-major/bin/../lib/gcc/arm-none-eabi/10.2.1/../../../../arm-none-eabi/lib/thumb/v7-m/nofp/libc_nano.a(lib_a-printf.o) (__sinit)
/home/copyright/AboutPath/gcc-arm-none-eabi-10-2020-q4-major/bin/../lib/gcc/arm-none-eabi/10.2.1/../../../../arm-none-eabi/lib/thumb/v7-m/nofp/libc_nano.a(lib_a-fwalk.o)
                              /home/copyright/AboutPath/gcc-arm-none-eabi-10-2020-q4-major/bin/../lib/gcc/arm-none-eabi/10.2.1/../../../../arm-none-eabi/lib/thumb/v7-m/nofp/libc_nano.a(lib_a-findfp.o) (_fwalk)
/home/copyright/AboutPath/gcc-arm-none-eabi-10-2020-q4-major/bin/../lib/gcc/arm-none-eabi/10.2.1/../../../../arm-none-eabi/lib/thumb/v7-m/nofp/libc_nano.a(lib_a-lock.o)
                              /home/copyright/AboutPath/gcc-arm-none-eabi-10-2020-q4-major/bin/../lib/gcc/arm-none-eabi/10.2.1/../../../../arm-none-eabi/lib/thumb/v7-m/nofp/libc_nano.a(lib_a-findfp.o) (__retarget_lock_init_recursive)
/home/copyright/AboutPath/gcc-arm-none-eabi-10-2020-q4-major/bin/../lib/gcc/arm-none-eabi/10.2.1/../../../../arm-none-eabi/lib/thumb/v7-m/nofp/libc_nano.a(lib_a-nano-mallocr.o)
                              /home/copyright/AboutPath/gcc-arm-none-eabi-10-2020-q4-major/bin/../lib/gcc/arm-none-eabi/10.2.1/../../../../arm-none-eabi/lib/thumb/v7-m/nofp/libc_nano.a(lib_a-findfp.o) (_malloc_r)
/home/copyright/AboutPath/gcc-arm-none-eabi-10-2020-q4-major/bin/../lib/gcc/arm-none-eabi/10.2.1/../../../../arm-none-eabi/lib/thumb/v7-m/nofp/libc_nano.a(lib_a-nano-vfprintf.o)
                              /home/copyright/AboutPath/gcc-arm-none-eabi-10-2020-q4-major/bin/../lib/gcc/arm-none-eabi/10.2.1/../../../../arm-none-eabi/lib/thumb/v7-m/nofp/libc_nano.a(lib_a-printf.o) (_vfprintf_r)
/home/copyright/AboutPath/gcc-arm-none-eabi-10-2020-q4-major/bin/../lib/gcc/arm-none-eabi/10.2.1/../../../../arm-none-eabi/lib/thumb/v7-m/nofp/libc_nano.a(lib_a-nano-vfprintf_i.o)
                              /home/copyright/AboutPath/gcc-arm-none-eabi-10-2020-q4-major/bin/../lib/gcc/arm-none-eabi/10.2.1/../../../../arm-none-eabi/lib/thumb/v7-m/nofp/libc_nano.a(lib_a-nano-vfprintf.o) (_printf_i)
/home/copyright/AboutPath/gcc-arm-none-eabi-10-2020-q4-major/bin/../lib/gcc/arm-none-eabi/10.2.1/../../../../arm-none-eabi/lib/thumb/v7-m/nofp/libc_nano.a(lib_a-sbrkr.o)
                              /home/copyright/AboutPath/gcc-arm-none-eabi-10-2020-q4-major/bin/../lib/gcc/arm-none-eabi/10.2.1/../../../../arm-none-eabi/lib/thumb/v7-m/nofp/libc_nano.a(lib_a-nano-mallocr.o) (_sbrk_r)
/home/copyright/AboutPath/gcc-arm-none-eabi-10-2020-q4-major/bin/../lib/gcc/arm-none-eabi/10.2.1/../../../../arm-none-eabi/lib/thumb/v7-m/nofp/libc_nano.a(lib_a-stdio.o)
                              /home/copyright/AboutPath/gcc-arm-none-eabi-10-2020-q4-major/bin/../lib/gcc/arm-none-eabi/10.2.1/../../../../arm-none-eabi/lib/thumb/v7-m/nofp/libc_nano.a(lib_a-findfp.o) (__sread)
[...]
Memory Configuration

Name             Origin             Length             Attributes
RAM              0x0000000020000000 0x000000000000c000 xrw
FLASH            0x0000000008000000 0x0000000000040000 xr
*default*        0x0000000000000000 0xffffffffffffffff

Linker script and memory map

LOAD /home/copyright/AboutPath/gcc-arm-none-eabi-10-2020-q4-major/bin/../lib/gcc/arm-none-eabi/10.2.1/thumb/v7-m/nofp/crti.o
LOAD /home/copyright/AboutPath/gcc-arm-none-eabi-10-2020-q4-major/bin/../lib/gcc/arm-none-eabi/10.2.1/thumb/v7-m/nofp/crtbegin.o
LOAD /home/copyright/AboutPath/gcc-arm-none-eabi-10-2020-q4-major/bin/../lib/gcc/arm-none-eabi/10.2.1/../../../../arm-none-eabi/lib/thumb/v7-m/nofp/crt0.o
LOAD build/main.o
LOAD build/gpio.o
LOAD build/stm32f1xx_it.o
LOAD build/stm32f1xx_hal_msp.o
LOAD build/stm32f1xx_hal_gpio_ex.o
LOAD build/stm32f1xx_hal_tim.o
LOAD build/stm32f1xx_hal_tim_ex.o
LOAD build/stm32f1xx_hal.o
LOAD build/stm32f1xx_hal_rcc.o
LOAD build/stm32f1xx_hal_rcc_ex.o
LOAD build/stm32f1xx_hal_gpio.o
LOAD build/stm32f1xx_hal_dma.o
LOAD build/stm32f1xx_hal_cortex.o
LOAD build/stm32f1xx_hal_pwr.o
LOAD build/stm32f1xx_hal_flash.o
LOAD build/stm32f1xx_hal_flash_ex.o
LOAD build/stm32f1xx_hal_exti.o
LOAD build/system_stm32f1xx.o
LOAD build/dma.o
LOAD build/usart.o
LOAD build/stm32f1xx_hal_uart.o
LOAD build/startup_stm32f103xe.o
LOAD /home/copyright/AboutPath/gcc-arm-none-eabi-10-2020-q4-major/bin/../lib/gcc/arm-none-eabi/10.2.1/../../../../arm-none-eabi/lib/thumb/v7-m/nofp/libc_nano.a
LOAD /home/copyright/AboutPath/gcc-arm-none-eabi-10-2020-q4-major/bin/../lib/gcc/arm-none-eabi/10.2.1/../../../../arm-none-eabi/lib/thumb/v7-m/nofp/libm.a
LOAD /home/copyright/AboutPath/gcc-arm-none-eabi-10-2020-q4-major/bin/../lib/gcc/arm-none-eabi/10.2.1/../../../../arm-none-eabi/lib/thumb/v7-m/nofp/libnosys.a
START GROUP
LOAD /home/copyright/AboutPath/gcc-arm-none-eabi-10-2020-q4-major/bin/../lib/gcc/arm-none-eabi/10.2.1/thumb/v7-m/nofp/libgcc.a
LOAD /home/copyright/AboutPath/gcc-arm-none-eabi-10-2020-q4-major/bin/../lib/gcc/arm-none-eabi/10.2.1/../../../../arm-none-eabi/lib/thumb/v7-m/nofp/libc_nano.a
END GROUP
START GROUP
LOAD /home/copyright/AboutPath/gcc-arm-none-eabi-10-2020-q4-major/bin/../lib/gcc/arm-none-eabi/10.2.1/thumb/v7-m/nofp/libgcc.a
LOAD /home/copyright/AboutPath/gcc-arm-none-eabi-10-2020-q4-major/bin/../lib/gcc/arm-none-eabi/10.2.1/../../../../arm-none-eabi/lib/thumb/v7-m/nofp/libc_nano.a
END GROUP
LOAD /home/copyright/AboutPath/gcc-arm-none-eabi-10-2020-q4-major/bin/../lib/gcc/arm-none-eabi/10.2.1/thumb/v7-m/nofp/crtend.o
LOAD /home/copyright/AboutPath/gcc-arm-none-eabi-10-2020-q4-major/bin/../lib/gcc/arm-none-eabi/10.2.1/thumb/v7-m/nofp/crtn.o
                0x000000002000c000                _estack = 0x2000c000
                0x0000000000000200                _Min_Heap_Size = 0x200
                0x0000000000000400                _Min_Stack_Size = 0x400

.isr_vector     0x0000000008000000      0x1e4
                0x0000000008000000                . = ALIGN (0x4)
 *(.isr_vector)
 .isr_vector    0x0000000008000000      0x1e4 build/startup_stm32f103xe.o
                0x0000000008000000                g_pfnVectors
                0x00000000080001e4                . = ALIGN (0x4)

.text           0x00000000080001e4     0x26a0
                0x00000000080001e4                . = ALIGN (0x4)
 *(.text)
 .text          0x00000000080001e4       0x40 /home/copyright/AboutPath/gcc-arm-none-eabi-10-2020-q4-major/bin/../lib/gcc/arm-none-eabi/10.2.1/thumb/v7-m/nofp/crtbegin.o
 *(.text*)
 .text._io_putchar
                0x0000000008000224       0x24 build/main.o
                0x0000000008000224                _io_putchar
 .text._write   0x0000000008000248       0x1c build/main.o
                0x0000000008000248                _write
 .text.Error_Handler
                0x0000000008000264        0x4 build/main.o
                0x0000000008000264                Error_Handler
 .text.SystemClock_Config
                0x0000000008000268       0x52 build/main.o
                0x0000000008000268                SystemClock_Config
 *fill*         0x00000000080002ba        0x2 
 .text.main     0x00000000080002bc       0x44 build/main.o
                0x00000000080002bc                main
 .text.MX_GPIO_Init
                0x0000000008000300       0x44 build/gpio.o
                0x0000000008000300                MX_GPIO_Init
 .text.NMI_Handler
                0x0000000008000344        0x2 build/stm32f1xx_it.o
                0x0000000008000344                NMI_Handler
 .text.HardFault_Handler
                0x0000000008000346        0x2 build/stm32f1xx_it.o
                0x0000000008000346                HardFault_Handler
 .text.MemManage_Handler
                0x0000000008000348        0x2 build/stm32f1xx_it.o
                0x0000000008000348                MemManage_Handler
 .text.BusFault_Handler
                0x000000000800034a        0x2 build/stm32f1xx_it.o
                0x000000000800034a                BusFault_Handler
 .text.UsageFault_Handler
                0x000000000800034c        0x2 build/stm32f1xx_it.o
                0x000000000800034c                UsageFault_Handler
 .text.SVC_Handler
                0x000000000800034e        0x2 build/stm32f1xx_it.o
                0x000000000800034e                SVC_Handler
 .text.DebugMon_Handler
                0x0000000008000350        0x2 build/stm32f1xx_it.o
                0x0000000008000350                DebugMon_Handler
 .text.PendSV_Handler
                0x0000000008000352        0x2 build/stm32f1xx_it.o
                0x0000000008000352                PendSV_Handler
 .text.SysTick_Handler
                0x0000000008000354        0x8 build/stm32f1xx_it.o
                0x0000000008000354                SysTick_Handler
 .text.DMA1_Channel3_IRQHandler
                0x000000000800035c       0x10 build/stm32f1xx_it.o
                0x000000000800035c                DMA1_Channel3_IRQHandler
 .text.USART3_IRQHandler
                0x000000000800036c       0x10 build/stm32f1xx_it.o
                0x000000000800036c                USART3_IRQHandler
 .text.HAL_MspInit
                0x000000000800037c       0x44 build/stm32f1xx_hal_msp.o
                0x000000000800037c                HAL_MspInit
 .text.HAL_InitTick
                0x00000000080003c0       0x4c build/stm32f1xx_hal.o
                0x00000000080003c0                HAL_InitTick
 .text.HAL_Init
                0x000000000800040c       0x24 build/stm32f1xx_hal.o
                0x000000000800040c                HAL_Init
 .text.HAL_IncTick
                0x0000000008000430       0x18 build/stm32f1xx_hal.o
                0x0000000008000430                HAL_IncTick
 .text.HAL_GetTick
                0x0000000008000448        0xc build/stm32f1xx_hal.o
                0x0000000008000448                HAL_GetTick
 .text.HAL_Delay
                0x0000000008000454       0x28 build/stm32f1xx_hal.o
                0x0000000008000454                HAL_Delay
 .text.RCC_Delay
                0x000000000800047c       0x2c build/stm32f1xx_hal_rcc.o
 .text.HAL_RCC_OscConfig
                0x00000000080004a8      0x410 build/stm32f1xx_hal_rcc.o
                0x00000000080004a8                HAL_RCC_OscConfig
 .text.HAL_RCC_GetSysClockFreq
                0x00000000080008b8       0x6c build/stm32f1xx_hal_rcc.o
                0x00000000080008b8                HAL_RCC_GetSysClockFreq
 .text.HAL_RCC_ClockConfig
                0x0000000008000924      0x16c build/stm32f1xx_hal_rcc.o
                0x0000000008000924                HAL_RCC_ClockConfig
 .text.HAL_RCC_GetHCLKFreq
                0x0000000008000a90        0xc build/stm32f1xx_hal_rcc.o
                0x0000000008000a90                HAL_RCC_GetHCLKFreq
 .text.HAL_RCC_GetPCLK1Freq
                0x0000000008000a9c       0x20 build/stm32f1xx_hal_rcc.o
                0x0000000008000a9c                HAL_RCC_GetPCLK1Freq
 .text.HAL_RCC_GetPCLK2Freq
                0x0000000008000abc       0x20 build/stm32f1xx_hal_rcc.o
                0x0000000008000abc                HAL_RCC_GetPCLK2Freq
 .text.HAL_GPIO_Init
                0x0000000008000adc      0x240 build/stm32f1xx_hal_gpio.o
                0x0000000008000adc                HAL_GPIO_Init
 .text.HAL_DMA_Init
                0x0000000008000d1c       0x98 build/stm32f1xx_hal_dma.o
                0x0000000008000d1c                HAL_DMA_Init
 .text.HAL_DMA_Abort_IT
                0x0000000008000db4      0x168 build/stm32f1xx_hal_dma.o
                0x0000000008000db4                HAL_DMA_Abort_IT
 .text.HAL_DMA_IRQHandler
                0x0000000008000f1c      0x2ec build/stm32f1xx_hal_dma.o
                0x0000000008000f1c                HAL_DMA_IRQHandler
 .text.HAL_NVIC_SetPriorityGrouping
                0x0000000008001208       0x24 build/stm32f1xx_hal_cortex.o
                0x0000000008001208                HAL_NVIC_SetPriorityGrouping
 .text.HAL_NVIC_SetPriority
                0x000000000800122c       0x70 build/stm32f1xx_hal_cortex.o
                0x000000000800122c                HAL_NVIC_SetPriority
 .text.HAL_NVIC_EnableIRQ
                0x000000000800129c       0x1c build/stm32f1xx_hal_cortex.o
                0x000000000800129c                HAL_NVIC_EnableIRQ
 .text.HAL_SYSTICK_Config
                0x00000000080012b8       0x28 build/stm32f1xx_hal_cortex.o
                0x00000000080012b8                HAL_SYSTICK_Config
 .text.SystemInit
                0x00000000080012e0        0x2 build/system_stm32f1xx.o
                0x00000000080012e0                SystemInit
 *fill*         0x00000000080012e2        0x2 
 .text.MX_DMA_Init
                0x00000000080012e4       0x34 build/dma.o
                0x00000000080012e4                MX_DMA_Init
 .text.MX_USART3_UART_Init
                0x0000000008001318       0x34 build/usart.o
                0x0000000008001318                MX_USART3_UART_Init
 .text.HAL_UART_MspInit
                0x000000000800134c       0xbc build/usart.o
                0x000000000800134c                HAL_UART_MspInit
 .text.UART_EndRxTransfer
                0x0000000008001408       0x1c build/stm32f1xx_hal_uart.o
 .text.UART_Transmit_IT
                0x0000000008001424       0x60 build/stm32f1xx_hal_uart.o
 .text.UART_SetConfig
                0x0000000008001484       0x94 build/stm32f1xx_hal_uart.o
 .text.UART_WaitOnFlagUntilTimeout
                0x0000000008001518       0x6c build/stm32f1xx_hal_uart.o
 .text.HAL_UART_Init
                0x0000000008001584       0x5e build/stm32f1xx_hal_uart.o
                0x0000000008001584                HAL_UART_Init
 .text.HAL_UART_Transmit
                0x00000000080015e2       0xd8 build/stm32f1xx_hal_uart.o
                0x00000000080015e2                HAL_UART_Transmit
 .text.HAL_UART_TxCpltCallback
                0x00000000080016ba        0x2 build/stm32f1xx_hal_uart.o
                0x00000000080016ba                HAL_UART_TxCpltCallback
 .text.UART_EndTransmit_IT
                0x00000000080016bc       0x1a build/stm32f1xx_hal_uart.o
 .text.HAL_UART_RxCpltCallback
                0x00000000080016d6        0x2 build/stm32f1xx_hal_uart.o
                0x00000000080016d6                HAL_UART_RxCpltCallback
 .text.UART_Receive_IT
                0x00000000080016d8       0x94 build/stm32f1xx_hal_uart.o
 .text.HAL_UART_ErrorCallback
                0x000000000800176c        0x2 build/stm32f1xx_hal_uart.o
                0x000000000800176c                HAL_UART_ErrorCallback
 *fill*         0x000000000800176e        0x2 
 .text.HAL_UART_IRQHandler
                0x0000000008001770      0x128 build/stm32f1xx_hal_uart.o
                0x0000000008001770                HAL_UART_IRQHandler
 .text.UART_DMAAbortOnError
                0x0000000008001898       0x10 build/stm32f1xx_hal_uart.o
 .text.Reset_Handler
                0x00000000080018a8       0x48 build/startup_stm32f103xe.o
                0x00000000080018a8                Reset_Handler
 .text.Default_Handler
                0x00000000080018f0        0x2 build/startup_stm32f103xe.o
                0x00000000080018f0                RTC_Alarm_IRQHandler
                0x00000000080018f0                EXTI2_IRQHandler
                0x00000000080018f0                TIM8_TRG_COM_IRQHandler
                0x00000000080018f0                TIM8_CC_IRQHandler
                0x00000000080018f0                TIM1_CC_IRQHandler
                0x00000000080018f0                TIM6_IRQHandler
                0x00000000080018f0                PVD_IRQHandler
                0x00000000080018f0                SDIO_IRQHandler
                0x00000000080018f0                EXTI3_IRQHandler
                0x00000000080018f0                EXTI0_IRQHandler
                0x00000000080018f0                I2C2_EV_IRQHandler
                0x00000000080018f0                ADC1_2_IRQHandler
                0x00000000080018f0                SPI1_IRQHandler
                0x00000000080018f0                TAMPER_IRQHandler
                0x00000000080018f0                TIM8_UP_IRQHandler
                0x00000000080018f0                DMA2_Channel2_IRQHandler
                0x00000000080018f0                DMA1_Channel4_IRQHandler
                0x00000000080018f0                RTC_IRQHandler
                0x00000000080018f0                DMA1_Channel7_IRQHandler
                0x00000000080018f0                CAN1_RX1_IRQHandler
                0x00000000080018f0                UART5_IRQHandler
                0x00000000080018f0                ADC3_IRQHandler
                0x00000000080018f0                TIM4_IRQHandler
                0x00000000080018f0                DMA2_Channel1_IRQHandler
                0x00000000080018f0                I2C1_EV_IRQHandler
                0x00000000080018f0                DMA1_Channel6_IRQHandler
                0x00000000080018f0                UART4_IRQHandler
                0x00000000080018f0                TIM3_IRQHandler
                0x00000000080018f0                RCC_IRQHandler
                0x00000000080018f0                TIM1_TRG_COM_IRQHandler
                0x00000000080018f0                DMA1_Channel1_IRQHandler
                0x00000000080018f0                Default_Handler
                0x00000000080018f0                EXTI15_10_IRQHandler
                0x00000000080018f0                TIM7_IRQHandler
                0x00000000080018f0                TIM5_IRQHandler
                0x00000000080018f0                EXTI9_5_IRQHandler
                0x00000000080018f0                SPI2_IRQHandler
                0x00000000080018f0                DMA1_Channel5_IRQHandler
                0x00000000080018f0                EXTI4_IRQHandler
                0x00000000080018f0                USB_LP_CAN1_RX0_IRQHandler
                0x00000000080018f0                USB_HP_CAN1_TX_IRQHandler
                0x00000000080018f0                FSMC_IRQHandler
                0x00000000080018f0                TIM1_UP_IRQHandler
                0x00000000080018f0                WWDG_IRQHandler
                0x00000000080018f0                TIM2_IRQHandler
                0x00000000080018f0                TIM1_BRK_IRQHandler
                0x00000000080018f0                EXTI1_IRQHandler
                0x00000000080018f0                DMA2_Channel4_5_IRQHandler
                0x00000000080018f0                USART2_IRQHandler
                0x00000000080018f0                I2C2_ER_IRQHandler
                0x00000000080018f0                DMA1_Channel2_IRQHandler
                0x00000000080018f0                TIM8_BRK_IRQHandler
                0x00000000080018f0                CAN1_SCE_IRQHandler
                0x00000000080018f0                FLASH_IRQHandler
                0x00000000080018f0                USART1_IRQHandler
                0x00000000080018f0                SPI3_IRQHandler
                0x00000000080018f0                I2C1_ER_IRQHandler
                0x00000000080018f0                USBWakeUp_IRQHandler
                0x00000000080018f0                DMA2_Channel3_IRQHandler
 *fill*         0x00000000080018f2        0x2 
 .text.__libc_init_array
                0x00000000080018f4       0x48 /home/copyright/AboutPath/gcc-arm-none-eabi-10-2020-q4-major/bin/../lib/gcc/arm-none-eabi/10.2.1/../../../../arm-none-eabi/lib/thumb/v7-m/nofp/libc_nano.a(lib_a-init.o)
                0x00000000080018f4                __libc_init_array
 .text.memset   0x000000000800193c       0x10 /home/copyright/AboutPath/gcc-arm-none-eabi-10-2020-q4-major/bin/../lib/gcc/arm-none-eabi/10.2.1/../../../../arm-none-eabi/lib/thumb/v7-m/nofp/libc_nano.a(lib_a-memset.o)
                0x000000000800193c                memset
 .text.printf   0x000000000800194c       0x30 /home/copyright/AboutPath/gcc-arm-none-eabi-10-2020-q4-major/bin/../lib/gcc/arm-none-eabi/10.2.1/../../../../arm-none-eabi/lib/thumb/v7-m/nofp/libc_nano.a(lib_a-printf.o)
                0x000000000800194c                printf
                0x000000000800194c                iprintf
 .text.std      0x000000000800197c       0x48 /home/copyright/AboutPath/gcc-arm-none-eabi-10-2020-q4-major/bin/../lib/gcc/arm-none-eabi/10.2.1/../../../../arm-none-eabi/lib/thumb/v7-m/nofp/libc_nano.a(lib_a-findfp.o)
 .text._cleanup_r
                0x00000000080019c4        0xc /home/copyright/AboutPath/gcc-arm-none-eabi-10-2020-q4-major/bin/../lib/gcc/arm-none-eabi/10.2.1/../../../../arm-none-eabi/lib/thumb/v7-m/nofp/libc_nano.a(lib_a-findfp.o)
                0x00000000080019c4                _cleanup_r
 .text.__sfmoreglue
                0x00000000080019d0       0x2c /home/copyright/AboutPath/gcc-arm-none-eabi-10-2020-q4-major/bin/../lib/gcc/arm-none-eabi/10.2.1/../../../../arm-none-eabi/lib/thumb/v7-m/nofp/libc_nano.a(lib_a-findfp.o)
                0x00000000080019d0                __sfmoreglue
 .text.__sfp_lock_acquire
                0x00000000080019fc        0xc /home/copyright/AboutPath/gcc-arm-none-eabi-10-2020-q4-major/bin/../lib/gcc/arm-none-eabi/10.2.1/../../../../arm-none-eabi/lib/thumb/v7-m/nofp/libc_nano.a(lib_a-findfp.o)
                0x00000000080019fc                __sfp_lock_acquire
 .text.__sfp_lock_release
                0x0000000008001a08        0xc /home/copyright/AboutPath/gcc-arm-none-eabi-10-2020-q4-major/bin/../lib/gcc/arm-none-eabi/10.2.1/../../../../arm-none-eabi/lib/thumb/v7-m/nofp/libc_nano.a(lib_a-findfp.o)
                0x0000000008001a08                __sfp_lock_release
 .text.__sinit_lock_acquire
                0x0000000008001a14        0xc /home/copyright/AboutPath/gcc-arm-none-eabi-10-2020-q4-major/bin/../lib/gcc/arm-none-eabi/10.2.1/../../../../arm-none-eabi/lib/thumb/v7-m/nofp/libc_nano.a(lib_a-findfp.o)
                0x0000000008001a14                __sinit_lock_acquire
 .text.__sinit_lock_release
                0x0000000008001a20        0xc /home/copyright/AboutPath/gcc-arm-none-eabi-10-2020-q4-major/bin/../lib/gcc/arm-none-eabi/10.2.1/../../../../arm-none-eabi/lib/thumb/v7-m/nofp/libc_nano.a(lib_a-findfp.o)
                0x0000000008001a20                __sinit_lock_release
 .text.__sinit  0x0000000008001a2c       0x70 /home/copyright/AboutPath/gcc-arm-none-eabi-10-2020-q4-major/bin/../lib/gcc/arm-none-eabi/10.2.1/../../../../arm-none-eabi/lib/thumb/v7-m/nofp/libc_nano.a(lib_a-findfp.o)
                0x0000000008001a2c                __sinit
 .text.__sfp    0x0000000008001a9c       0x8c /home/copyright/AboutPath/gcc-arm-none-eabi-10-2020-q4-major/bin/../lib/gcc/arm-none-eabi/10.2.1/../../../../arm-none-eabi/lib/thumb/v7-m/nofp/libc_nano.a(lib_a-findfp.o)
                0x0000000008001a9c                __sfp
 .text._fwalk_reent
                0x0000000008001b28       0x3e /home/copyright/AboutPath/gcc-arm-none-eabi-10-2020-q4-major/bin/../lib/gcc/arm-none-eabi/10.2.1/../../../../arm-none-eabi/lib/thumb/v7-m/nofp/libc_nano.a(lib_a-fwalk.o)
                0x0000000008001b28                _fwalk_reent
 .text.__retarget_lock_init_recursive
                0x0000000008001b66        0x2 /home/copyright/AboutPath/gcc-arm-none-eabi-10-2020-q4-major/bin/../lib/gcc/arm-none-eabi/10.2.1/../../../../arm-none-eabi/lib/thumb/v7-m/nofp/libc_nano.a(lib_a-lock.o)
                0x0000000008001b66                __retarget_lock_init_recursive
 .text.__retarget_lock_acquire_recursive
                0x0000000008001b68        0x2 /home/copyright/AboutPath/gcc-arm-none-eabi-10-2020-q4-major/bin/../lib/gcc/arm-none-eabi/10.2.1/../../../../arm-none-eabi/lib/thumb/v7-m/nofp/libc_nano.a(lib_a-lock.o)
                0x0000000008001b68                __retarget_lock_acquire_recursive
 .text.__retarget_lock_release_recursive
                0x0000000008001b6a        0x2 /home/copyright/AboutPath/gcc-arm-none-eabi-10-2020-q4-major/bin/../lib/gcc/arm-none-eabi/10.2.1/../../../../arm-none-eabi/lib/thumb/v7-m/nofp/libc_nano.a(lib_a-lock.o)
                0x0000000008001b6a                __retarget_lock_release_recursive
 .text._malloc_r
                0x0000000008001b6c       0xb4 /home/copyright/AboutPath/gcc-arm-none-eabi-10-2020-q4-major/bin/../lib/gcc/arm-none-eabi/10.2.1/../../../../arm-none-eabi/lib/thumb/v7-m/nofp/libc_nano.a(lib_a-nano-mallocr.o)
                0x0000000008001b6c                _malloc_r
 .text.__sfputc_r
                0x0000000008001c20       0x2a /home/copyright/AboutPath/gcc-arm-none-eabi-10-2020-q4-major/bin/../lib/gcc/arm-none-eabi/10.2.1/../../../../arm-none-eabi/lib/thumb/v7-m/nofp/libc_nano.a(lib_a-nano-vfprintf.o)
 .text.__sfputs_r
                0x0000000008001c4a       0x24 /home/copyright/AboutPath/gcc-arm-none-eabi-10-2020-q4-major/bin/../lib/gcc/arm-none-eabi/10.2.1/../../../../arm-none-eabi/lib/thumb/v7-m/nofp/libc_nano.a(lib_a-nano-vfprintf.o)
                0x0000000008001c4a                __sfputs_r
 *fill*         0x0000000008001c6e        0x2 
 .text._vfprintf_r
                0x0000000008001c70      0x260 /home/copyright/AboutPath/gcc-arm-none-eabi-10-2020-q4-major/bin/../lib/gcc/arm-none-eabi/10.2.1/../../../../arm-none-eabi/lib/thumb/v7-m/nofp/libc_nano.a(lib_a-nano-vfprintf.o)
                0x0000000008001c70                _vfiprintf_r
                0x0000000008001c70                _vfprintf_r
 .text._printf_common
                0x0000000008001ed0       0xde /home/copyright/AboutPath/gcc-arm-none-eabi-10-2020-q4-major/bin/../lib/gcc/arm-none-eabi/10.2.1/../../../../arm-none-eabi/lib/thumb/v7-m/nofp/libc_nano.a(lib_a-nano-vfprintf_i.o)
                0x0000000008001ed0                _printf_common
 *fill*         0x0000000008001fae        0x2 
 .text._printf_i
                0x0000000008001fb0      0x24c /home/copyright/AboutPath/gcc-arm-none-eabi-10-2020-q4-major/bin/../lib/gcc/arm-none-eabi/10.2.1/../../../../arm-none-eabi/lib/thumb/v7-m/nofp/libc_nano.a(lib_a-nano-vfprintf_i.o)
                0x0000000008001fb0                _printf_i
 .text._sbrk_r  0x00000000080021fc       0x20 /home/copyright/AboutPath/gcc-arm-none-eabi-10-2020-q4-major/bin/../lib/gcc/arm-none-eabi/10.2.1/../../../../arm-none-eabi/lib/thumb/v7-m/nofp/libc_nano.a(lib_a-sbrkr.o)
                0x00000000080021fc                _sbrk_r
 .text.__sread  0x000000000800221c       0x22 /home/copyright/AboutPath/gcc-arm-none-eabi-10-2020-q4-major/bin/../lib/gcc/arm-none-eabi/10.2.1/../../../../arm-none-eabi/lib/thumb/v7-m/nofp/libc_nano.a(lib_a-stdio.o)
                0x000000000800221c                __sread
 .text.__swrite
                0x000000000800223e       0x38 /home/copyright/AboutPath/gcc-arm-none-eabi-10-2020-q4-major/bin/../lib/gcc/arm-none-eabi/10.2.1/../../../../arm-none-eabi/lib/thumb/v7-m/nofp/libc_nano.a(lib_a-stdio.o)
                0x000000000800223e                __swrite
 .text.__sseek  0x0000000008002276       0x24 /home/copyright/AboutPath/gcc-arm-none-eabi-10-2020-q4-major/bin/../lib/gcc/arm-none-eabi/10.2.1/../../../../arm-none-eabi/lib/thumb/v7-m/nofp/libc_nano.a(lib_a-stdio.o)
                0x0000000008002276                __sseek
 .text.__sclose
                0x000000000800229a        0x8 /home/copyright/AboutPath/gcc-arm-none-eabi-10-2020-q4-major/bin/../lib/gcc/arm-none-eabi/10.2.1/../../../../arm-none-eabi/lib/thumb/v7-m/nofp/libc_nano.a(lib_a-stdio.o)
                0x000000000800229a                __sclose
 *fill*         0x00000000080022a2        0x2 
 .text.__swbuf_r
                0x00000000080022a4       0xa4 /home/copyright/AboutPath/gcc-arm-none-eabi-10-2020-q4-major/bin/../lib/gcc/arm-none-eabi/10.2.1/../../../../arm-none-eabi/lib/thumb/v7-m/nofp/libc_nano.a(lib_a-wbuf.o)
                0x00000000080022a4                __swbuf_r
 .text._write_r
                0x0000000008002348       0x24 /home/copyright/AboutPath/gcc-arm-none-eabi-10-2020-q4-major/bin/../lib/gcc/arm-none-eabi/10.2.1/../../../../arm-none-eabi/lib/thumb/v7-m/nofp/libc_nano.a(lib_a-writer.o)
                0x0000000008002348                _write_r
 .text.__swsetup_r
                0x000000000800236c       0xdc /home/copyright/AboutPath/gcc-arm-none-eabi-10-2020-q4-major/bin/../lib/gcc/arm-none-eabi/10.2.1/../../../../arm-none-eabi/lib/thumb/v7-m/nofp/libc_nano.a(lib_a-wsetup.o)
                0x000000000800236c                __swsetup_r
 .text._close_r
                0x0000000008002448       0x20 /home/copyright/AboutPath/gcc-arm-none-eabi-10-2020-q4-major/bin/../lib/gcc/arm-none-eabi/10.2.1/../../../../arm-none-eabi/lib/thumb/v7-m/nofp/libc_nano.a(lib_a-closer.o)
                0x0000000008002448                _close_r
 .text.__sflush_r
                0x0000000008002468      0x104 /home/copyright/AboutPath/gcc-arm-none-eabi-10-2020-q4-major/bin/../lib/gcc/arm-none-eabi/10.2.1/../../../../arm-none-eabi/lib/thumb/v7-m/nofp/libc_nano.a(lib_a-fflush.o)
                0x0000000008002468                __sflush_r
 .text._fflush_r
                0x000000000800256c       0x78 /home/copyright/AboutPath/gcc-arm-none-eabi-10-2020-q4-major/bin/../lib/gcc/arm-none-eabi/10.2.1/../../../../arm-none-eabi/lib/thumb/v7-m/nofp/libc_nano.a(lib_a-fflush.o)
                0x000000000800256c                _fflush_r
 .text._lseek_r
                0x00000000080025e4       0x24 /home/copyright/AboutPath/gcc-arm-none-eabi-10-2020-q4-major/bin/../lib/gcc/arm-none-eabi/10.2.1/../../../../arm-none-eabi/lib/thumb/v7-m/nofp/libc_nano.a(lib_a-lseekr.o)
                0x00000000080025e4                _lseek_r
 .text.__swhatbuf_r
                0x0000000008002608       0x4a /home/copyright/AboutPath/gcc-arm-none-eabi-10-2020-q4-major/bin/../lib/gcc/arm-none-eabi/10.2.1/../../../../arm-none-eabi/lib/thumb/v7-m/nofp/libc_nano.a(lib_a-makebuf.o)
                0x0000000008002608                __swhatbuf_r
 *fill*         0x0000000008002652        0x2 
 .text.__smakebuf_r
                0x0000000008002654       0x80 /home/copyright/AboutPath/gcc-arm-none-eabi-10-2020-q4-major/bin/../lib/gcc/arm-none-eabi/10.2.1/../../../../arm-none-eabi/lib/thumb/v7-m/nofp/libc_nano.a(lib_a-makebuf.o)
                0x0000000008002654                __smakebuf_r
 .text.memchr   0x00000000080026d4       0x1c /home/copyright/AboutPath/gcc-arm-none-eabi-10-2020-q4-major/bin/../lib/gcc/arm-none-eabi/10.2.1/../../../../arm-none-eabi/lib/thumb/v7-m/nofp/libc_nano.a(lib_a-memchr-stub.o)
                0x00000000080026d4                memchr
 .text.__malloc_lock
                0x00000000080026f0        0xc /home/copyright/AboutPath/gcc-arm-none-eabi-10-2020-q4-major/bin/../lib/gcc/arm-none-eabi/10.2.1/../../../../arm-none-eabi/lib/thumb/v7-m/nofp/libc_nano.a(lib_a-mlock.o)
                0x00000000080026f0                __malloc_lock
 .text.__malloc_unlock
                0x00000000080026fc        0xc /home/copyright/AboutPath/gcc-arm-none-eabi-10-2020-q4-major/bin/../lib/gcc/arm-none-eabi/10.2.1/../../../../arm-none-eabi/lib/thumb/v7-m/nofp/libc_nano.a(lib_a-mlock.o)
                0x00000000080026fc                __malloc_unlock
 .text._free_r  0x0000000008002708       0x90 /home/copyright/AboutPath/gcc-arm-none-eabi-10-2020-q4-major/bin/../lib/gcc/arm-none-eabi/10.2.1/../../../../arm-none-eabi/lib/thumb/v7-m/nofp/libc_nano.a(lib_a-nano-freer.o)
                0x0000000008002708                _free_r
 .text._read_r  0x0000000008002798       0x24 /home/copyright/AboutPath/gcc-arm-none-eabi-10-2020-q4-major/bin/../lib/gcc/arm-none-eabi/10.2.1/../../../../arm-none-eabi/lib/thumb/v7-m/nofp/libc_nano.a(lib_a-readr.o)
                0x0000000008002798                _read_r
 .text._fstat_r
                0x00000000080027bc       0x24 /home/copyright/AboutPath/gcc-arm-none-eabi-10-2020-q4-major/bin/../lib/gcc/arm-none-eabi/10.2.1/../../../../arm-none-eabi/lib/thumb/v7-m/nofp/libc_nano.a(lib_a-fstatr.o)
                0x00000000080027bc                _fstat_r
 .text._isatty_r
                0x00000000080027e0       0x20 /home/copyright/AboutPath/gcc-arm-none-eabi-10-2020-q4-major/bin/../lib/gcc/arm-none-eabi/10.2.1/../../../../arm-none-eabi/lib/thumb/v7-m/nofp/libc_nano.a(lib_a-isattyr.o)
                0x00000000080027e0                _isatty_r
 .text._close   0x0000000008002800       0x10 /home/copyright/AboutPath/gcc-arm-none-eabi-10-2020-q4-major/bin/../lib/gcc/arm-none-eabi/10.2.1/../../../../arm-none-eabi/lib/thumb/v7-m/nofp/libnosys.a(close.o)
                0x0000000008002800                _close
 .text._fstat   0x0000000008002810       0x10 /home/copyright/AboutPath/gcc-arm-none-eabi-10-2020-q4-major/bin/../lib/gcc/arm-none-eabi/10.2.1/../../../../arm-none-eabi/lib/thumb/v7-m/nofp/libnosys.a(fstat.o)
                0x0000000008002810                _fstat
 .text._isatty  0x0000000008002820       0x10 /home/copyright/AboutPath/gcc-arm-none-eabi-10-2020-q4-major/bin/../lib/gcc/arm-none-eabi/10.2.1/../../../../arm-none-eabi/lib/thumb/v7-m/nofp/libnosys.a(isatty.o)
                0x0000000008002820                _isatty
 .text._lseek   0x0000000008002830       0x10 /home/copyright/AboutPath/gcc-arm-none-eabi-10-2020-q4-major/bin/../lib/gcc/arm-none-eabi/10.2.1/../../../../arm-none-eabi/lib/thumb/v7-m/nofp/libnosys.a(lseek.o)
                0x0000000008002830                _lseek
 .text._read    0x0000000008002840       0x10 /home/copyright/AboutPath/gcc-arm-none-eabi-10-2020-q4-major/bin/../lib/gcc/arm-none-eabi/10.2.1/../../../../arm-none-eabi/lib/thumb/v7-m/nofp/libnosys.a(read.o)
                0x0000000008002840                _read
 .text._sbrk    0x0000000008002850       0x1c /home/copyright/AboutPath/gcc-arm-none-eabi-10-2020-q4-major/bin/../lib/gcc/arm-none-eabi/10.2.1/../../../../arm-none-eabi/lib/thumb/v7-m/nofp/libnosys.a(sbrk.o)
                0x0000000008002850                _sbrk
 *(.glue_7)
 .glue_7        0x000000000800286c        0x0 linker stubs
 *(.glue_7t)
 .glue_7t       0x000000000800286c        0x0 linker stubs
 *(.eh_frame)
 .eh_frame      0x000000000800286c        0x0 /home/copyright/AboutPath/gcc-arm-none-eabi-10-2020-q4-major/bin/../lib/gcc/arm-none-eabi/10.2.1/thumb/v7-m/nofp/crtbegin.o
 *(.init)
 .init          0x000000000800286c        0x4 /home/copyright/AboutPath/gcc-arm-none-eabi-10-2020-q4-major/bin/../lib/gcc/arm-none-eabi/10.2.1/thumb/v7-m/nofp/crti.o
                0x000000000800286c                _init
 .init          0x0000000008002870        0x8 /home/copyright/AboutPath/gcc-arm-none-eabi-10-2020-q4-major/bin/../lib/gcc/arm-none-eabi/10.2.1/thumb/v7-m/nofp/crtn.o
 *(.fini)
 .fini          0x0000000008002878        0x4 /home/copyright/AboutPath/gcc-arm-none-eabi-10-2020-q4-major/bin/../lib/gcc/arm-none-eabi/10.2.1/thumb/v7-m/nofp/crti.o
                0x0000000008002878                _fini
 .fini          0x000000000800287c        0x8 /home/copyright/AboutPath/gcc-arm-none-eabi-10-2020-q4-major/bin/../lib/gcc/arm-none-eabi/10.2.1/thumb/v7-m/nofp/crtn.o
                0x0000000008002884                . = ALIGN (0x4)
                0x0000000008002884                _etext = .

.vfp11_veneer   0x0000000008002884        0x0
 .vfp11_veneer  0x0000000008002884        0x0 linker stubs

.v4_bx          0x0000000008002884        0x0
 .v4_bx         0x0000000008002884        0x0 linker stubs

.iplt           0x0000000008002884        0x0
 .iplt          0x0000000008002884        0x0 /home/copyright/AboutPath/gcc-arm-none-eabi-10-2020-q4-major/bin/../lib/gcc/arm-none-eabi/10.2.1/thumb/v7-m/nofp/crtbegin.o

.rodata         0x0000000008002884       0xd8
                0x0000000008002884                . = ALIGN (0x4)
 *(.rodata)
 *(.rodata*)
 .rodata.main.str1.4
                0x0000000008002884       0x11 build/main.o
 *fill*         0x0000000008002895        0x3 
 .rodata.HAL_RCC_GetSysClockFreq.str1.4
                0x0000000008002898       0x11 build/stm32f1xx_hal_rcc.o
 *fill*         0x00000000080028a9        0x3 
 .rodata.AHBPrescTable
                0x00000000080028ac       0x10 build/system_stm32f1xx.o
                0x00000000080028ac                AHBPrescTable
 .rodata.APBPrescTable
                0x00000000080028bc        0x8 build/system_stm32f1xx.o
                0x00000000080028bc                APBPrescTable
 .rodata._global_impure_ptr
                0x00000000080028c4        0x4 /home/copyright/AboutPath/gcc-arm-none-eabi-10-2020-q4-major/bin/../lib/gcc/arm-none-eabi/10.2.1/../../../../arm-none-eabi/lib/thumb/v7-m/nofp/libc_nano.a(lib_a-impure.o)
                0x00000000080028c4                _global_impure_ptr
 .rodata.__sf_fake_stderr
                0x00000000080028c8       0x20 /home/copyright/AboutPath/gcc-arm-none-eabi-10-2020-q4-major/bin/../lib/gcc/arm-none-eabi/10.2.1/../../../../arm-none-eabi/lib/thumb/v7-m/nofp/libc_nano.a(lib_a-findfp.o)
                0x00000000080028c8                __sf_fake_stderr
 .rodata.__sf_fake_stdin
                0x00000000080028e8       0x20 /home/copyright/AboutPath/gcc-arm-none-eabi-10-2020-q4-major/bin/../lib/gcc/arm-none-eabi/10.2.1/../../../../arm-none-eabi/lib/thumb/v7-m/nofp/libc_nano.a(lib_a-findfp.o)
                0x00000000080028e8                __sf_fake_stdin
 .rodata.__sf_fake_stdout
                0x0000000008002908       0x20 /home/copyright/AboutPath/gcc-arm-none-eabi-10-2020-q4-major/bin/../lib/gcc/arm-none-eabi/10.2.1/../../../../arm-none-eabi/lib/thumb/v7-m/nofp/libc_nano.a(lib_a-findfp.o)
                0x0000000008002908                __sf_fake_stdout
 .rodata._vfprintf_r.str1.1
                0x0000000008002928       0x11 /home/copyright/AboutPath/gcc-arm-none-eabi-10-2020-q4-major/bin/../lib/gcc/arm-none-eabi/10.2.1/../../../../arm-none-eabi/lib/thumb/v7-m/nofp/libc_nano.a(lib_a-nano-vfprintf.o)
 .rodata._printf_i.str1.1
                0x0000000008002939       0x22 /home/copyright/AboutPath/gcc-arm-none-eabi-10-2020-q4-major/bin/../lib/gcc/arm-none-eabi/10.2.1/../../../../arm-none-eabi/lib/thumb/v7-m/nofp/libc_nano.a(lib_a-nano-vfprintf_i.o)
                0x000000000800295c                . = ALIGN (0x4)
 *fill*         0x000000000800295b        0x1 

.rel.dyn        0x000000000800295c        0x0
 .rel.iplt      0x000000000800295c        0x0 /home/copyright/AboutPath/gcc-arm-none-eabi-10-2020-q4-major/bin/../lib/gcc/arm-none-eabi/10.2.1/thumb/v7-m/nofp/crtbegin.o

.ARM.extab
 *(.ARM.extab* .gnu.linkonce.armextab.*)

.ARM            0x000000000800295c        0x0
                0x000000000800295c                __exidx_start = .
 *(.ARM.exidx*)
                0x000000000800295c                __exidx_end = .

.preinit_array  0x000000000800295c        0x0
                0x000000000800295c                PROVIDE (__preinit_array_start = .)
 *(.preinit_array*)
                0x000000000800295c                PROVIDE (__preinit_array_end = .)

.init_array     0x000000000800295c        0x4
                0x000000000800295c                PROVIDE (__init_array_start = .)
 *(SORT_BY_NAME(.init_array.*))
 *(.init_array*)
 .init_array    0x000000000800295c        0x4 /home/copyright/AboutPath/gcc-arm-none-eabi-10-2020-q4-major/bin/../lib/gcc/arm-none-eabi/10.2.1/thumb/v7-m/nofp/crtbegin.o
                0x0000000008002960                PROVIDE (__init_array_end = .)

.fini_array     0x0000000008002960        0x4
                [!provide]                        PROVIDE (__fini_array_start = .)
 *(SORT_BY_NAME(.fini_array.*))
 *(.fini_array*)
 .fini_array    0x0000000008002960        0x4 /home/copyright/AboutPath/gcc-arm-none-eabi-10-2020-q4-major/bin/../lib/gcc/arm-none-eabi/10.2.1/thumb/v7-m/nofp/crtbegin.o
                [!provide]                        PROVIDE (__fini_array_end = .)
                0x0000000008002964                _sidata = LOADADDR (.data)

.data           0x0000000020000000       0x74 load address 0x0000000008002964
                0x0000000020000000                . = ALIGN (0x4)
                0x0000000020000000                _sdata = .
 *(.data)
 *(.data*)
 .data.test_cnt
                0x0000000020000000        0x2 build/main.o
                0x0000000020000000                test_cnt
 .data.test_cnt2
                0x0000000020000002        0x2 build/main.o
                0x0000000020000002                test_cnt2
 .data.uwTickFreq
                0x0000000020000004        0x1 build/stm32f1xx_hal.o
                0x0000000020000004                uwTickFreq
 *fill*         0x0000000020000005        0x3 
 .data.uwTickPrio
                0x0000000020000008        0x4 build/stm32f1xx_hal.o
                0x0000000020000008                uwTickPrio
 .data.SystemCoreClock
                0x000000002000000c        0x4 build/system_stm32f1xx.o
                0x000000002000000c                SystemCoreClock
 .data._impure_ptr
                0x0000000020000010        0x4 /home/copyright/AboutPath/gcc-arm-none-eabi-10-2020-q4-major/bin/../lib/gcc/arm-none-eabi/10.2.1/../../../../arm-none-eabi/lib/thumb/v7-m/nofp/libc_nano.a(lib_a-impure.o)
                0x0000000020000010                _impure_ptr
 .data.impure_data
                0x0000000020000014       0x60 /home/copyright/AboutPath/gcc-arm-none-eabi-10-2020-q4-major/bin/../lib/gcc/arm-none-eabi/10.2.1/../../../../arm-none-eabi/lib/thumb/v7-m/nofp/libc_nano.a(lib_a-impure.o)
                0x0000000020000074                . = ALIGN (0x4)
                0x0000000020000074                _edata = .

.igot.plt       0x0000000020000074        0x0 load address 0x00000000080029d8
 .igot.plt      0x0000000020000074        0x0 /home/copyright/AboutPath/gcc-arm-none-eabi-10-2020-q4-major/bin/../lib/gcc/arm-none-eabi/10.2.1/thumb/v7-m/nofp/crtbegin.o
                0x0000000020000074                . = ALIGN (0x4)

.bss            0x0000000020000074       0xb8 load address 0x00000000080029d8
                0x0000000020000074                _sbss = .
                0x0000000020000074                __bss_start__ = _sbss
 *(.bss)
 .bss           0x0000000020000074       0x1c /home/copyright/AboutPath/gcc-arm-none-eabi-10-2020-q4-major/bin/../lib/gcc/arm-none-eabi/10.2.1/thumb/v7-m/nofp/crtbegin.o
 *(.bss*)
 .bss.uwTick    0x0000000020000090        0x4 build/stm32f1xx_hal.o
                0x0000000020000090                uwTick
 .bss.hdma_usart3_rx
                0x0000000020000094       0x44 build/usart.o
                0x0000000020000094                hdma_usart3_rx
 .bss.huart3    0x00000000200000d8       0x40 build/usart.o
                0x00000000200000d8                huart3
 .bss.__lock___malloc_recursive_mutex
                0x0000000020000118        0x1 /home/copyright/AboutPath/gcc-arm-none-eabi-10-2020-q4-major/bin/../lib/gcc/arm-none-eabi/10.2.1/../../../../arm-none-eabi/lib/thumb/v7-m/nofp/libc_nano.a(lib_a-lock.o)
                0x0000000020000118                __lock___malloc_recursive_mutex
 .bss.__lock___sfp_recursive_mutex
                0x0000000020000119        0x1 /home/copyright/AboutPath/gcc-arm-none-eabi-10-2020-q4-major/bin/../lib/gcc/arm-none-eabi/10.2.1/../../../../arm-none-eabi/lib/thumb/v7-m/nofp/libc_nano.a(lib_a-lock.o)
                0x0000000020000119                __lock___sfp_recursive_mutex
 .bss.__lock___sinit_recursive_mutex
                0x000000002000011a        0x1 /home/copyright/AboutPath/gcc-arm-none-eabi-10-2020-q4-major/bin/../lib/gcc/arm-none-eabi/10.2.1/../../../../arm-none-eabi/lib/thumb/v7-m/nofp/libc_nano.a(lib_a-lock.o)
                0x000000002000011a                __lock___sinit_recursive_mutex
 *fill*         0x000000002000011b        0x1 
 .bss.__malloc_free_list
                0x000000002000011c        0x4 /home/copyright/AboutPath/gcc-arm-none-eabi-10-2020-q4-major/bin/../lib/gcc/arm-none-eabi/10.2.1/../../../../arm-none-eabi/lib/thumb/v7-m/nofp/libc_nano.a(lib_a-nano-mallocr.o)
                0x000000002000011c                __malloc_free_list
 .bss.__malloc_sbrk_start
                0x0000000020000120        0x4 /home/copyright/AboutPath/gcc-arm-none-eabi-10-2020-q4-major/bin/../lib/gcc/arm-none-eabi/10.2.1/../../../../arm-none-eabi/lib/thumb/v7-m/nofp/libc_nano.a(lib_a-nano-mallocr.o)
                0x0000000020000120                __malloc_sbrk_start
 .bss.errno     0x0000000020000124        0x4 /home/copyright/AboutPath/gcc-arm-none-eabi-10-2020-q4-major/bin/../lib/gcc/arm-none-eabi/10.2.1/../../../../arm-none-eabi/lib/thumb/v7-m/nofp/libc_nano.a(lib_a-reent.o)
                0x0000000020000124                errno
 .bss.heap_end.0
                0x0000000020000128        0x4 /home/copyright/AboutPath/gcc-arm-none-eabi-10-2020-q4-major/bin/../lib/gcc/arm-none-eabi/10.2.1/../../../../arm-none-eabi/lib/thumb/v7-m/nofp/libnosys.a(sbrk.o)
 *(COMMON)
                0x000000002000012c                . = ALIGN (0x4)
                0x000000002000012c                _ebss = .
                0x000000002000012c                __bss_end__ = _ebss

._user_heap_stack
                0x000000002000012c      0x604 load address 0x00000000080029d8
                0x0000000020000130                . = ALIGN (0x8)
 *fill*         0x000000002000012c        0x4 
                0x0000000020000130                PROVIDE (end = .)
                [!provide]                        PROVIDE (_end = .)
                0x0000000020000330                . = (. + _Min_Heap_Size)
 *fill*         0x0000000020000130      0x200 
                0x0000000020000730                . = (. + _Min_Stack_Size)
 *fill*         0x0000000020000330      0x400 
                0x0000000020000730                . = ALIGN (0x8)

/DISCARD/
 libc.a(*)
 libm.a(*)
 libgcc.a(*)

.ARM.attributes
                0x0000000000000000       0x29
 *(.ARM.attributes)
 .ARM.attributes
                0x0000000000000000       0x1d /home/copyright/AboutPath/gcc-arm-none-eabi-10-2020-q4-major/bin/../lib/gcc/arm-none-eabi/10.2.1/thumb/v7-m/nofp/crti.o
 .ARM.attributes
                0x000000000000001d       0x2d /home/copyright/AboutPath/gcc-arm-none-eabi-10-2020-q4-major/bin/../lib/gcc/arm-none-eabi/10.2.1/thumb/v7-m/nofp/crtbegin.o
 .ARM.attributes
                0x000000000000004a       0x2d build/main.o
 .ARM.attributes
                0x0000000000000077       0x2d build/gpio.o
 .ARM.attributes
                0x00000000000000a4       0x2d build/stm32f1xx_it.o
 .ARM.attributes
                0x00000000000000d1       0x2d build/stm32f1xx_hal_msp.o
 .ARM.attributes
                0x00000000000000fe       0x2d build/stm32f1xx_hal.o
 .ARM.attributes
                0x000000000000012b       0x2d build/stm32f1xx_hal_rcc.o
 .ARM.attributes
                0x0000000000000158       0x2d build/stm32f1xx_hal_gpio.o
 .ARM.attributes
                0x0000000000000185       0x2d build/stm32f1xx_hal_dma.o
 .ARM.attributes
                0x00000000000001b2       0x2d build/stm32f1xx_hal_cortex.o
 .ARM.attributes
                0x00000000000001df       0x2d build/system_stm32f1xx.o
 .ARM.attributes
                0x000000000000020c       0x2d build/dma.o
 .ARM.attributes
                0x0000000000000239       0x2d build/usart.o
 .ARM.attributes
                0x0000000000000266       0x2d build/stm32f1xx_hal_uart.o
 .ARM.attributes
                0x0000000000000293       0x21 build/startup_stm32f103xe.o
 .ARM.attributes
                0x00000000000002b4       0x2d /home/copyright/AboutPath/gcc-arm-none-eabi-10-2020-q4-major/bin/../lib/gcc/arm-none-eabi/10.2.1/../../../../arm-none-eabi/lib/thumb/v7-m/nofp/libc_nano.a(lib_a-impure.o)
 .ARM.attributes
                0x00000000000002e1       0x2d /home/copyright/AboutPath/gcc-arm-none-eabi-10-2020-q4-major/bin/../lib/gcc/arm-none-eabi/10.2.1/../../../../arm-none-eabi/lib/thumb/v7-m/nofp/libc_nano.a(lib_a-init.o)
 .ARM.attributes
                0x000000000000030e       0x2d /home/copyright/AboutPath/gcc-arm-none-eabi-10-2020-q4-major/bin/../lib/gcc/arm-none-eabi/10.2.1/../../../../arm-none-eabi/lib/thumb/v7-m/nofp/libc_nano.a(lib_a-memset.o)
 .ARM.attributes
                0x000000000000033b       0x2d /home/copyright/AboutPath/gcc-arm-none-eabi-10-2020-q4-major/bin/../lib/gcc/arm-none-eabi/10.2.1/../../../../arm-none-eabi/lib/thumb/v7-m/nofp/libc_nano.a(lib_a-printf.o)
 .ARM.attributes
                0x0000000000000368       0x2d /home/copyright/AboutPath/gcc-arm-none-eabi-10-2020-q4-major/bin/../lib/gcc/arm-none-eabi/10.2.1/../../../../arm-none-eabi/lib/thumb/v7-m/nofp/libc_nano.a(lib_a-findfp.o)
 .ARM.attributes
                0x0000000000000395       0x2d /home/copyright/AboutPath/gcc-arm-none-eabi-10-2020-q4-major/bin/../lib/gcc/arm-none-eabi/10.2.1/../../../../arm-none-eabi/lib/thumb/v7-m/nofp/libc_nano.a(lib_a-fwalk.o)
 .ARM.attributes
                0x00000000000003c2       0x2d /home/copyright/AboutPath/gcc-arm-none-eabi-10-2020-q4-major/bin/../lib/gcc/arm-none-eabi/10.2.1/../../../../arm-none-eabi/lib/thumb/v7-m/nofp/libc_nano.a(lib_a-lock.o)
 .ARM.attributes
                0x00000000000003ef       0x2d /home/copyright/AboutPath/gcc-arm-none-eabi-10-2020-q4-major/bin/../lib/gcc/arm-none-eabi/10.2.1/../../../../arm-none-eabi/lib/thumb/v7-m/nofp/libc_nano.a(lib_a-nano-mallocr.o)
 .ARM.attributes
                0x000000000000041c       0x2d /home/copyright/AboutPath/gcc-arm-none-eabi-10-2020-q4-major/bin/../lib/gcc/arm-none-eabi/10.2.1/../../../../arm-none-eabi/lib/thumb/v7-m/nofp/libc_nano.a(lib_a-nano-vfprintf.o)
 .ARM.attributes
                0x0000000000000449       0x2d /home/copyright/AboutPath/gcc-arm-none-eabi-10-2020-q4-major/bin/../lib/gcc/arm-none-eabi/10.2.1/../../../../arm-none-eabi/lib/thumb/v7-m/nofp/libc_nano.a(lib_a-nano-vfprintf_i.o)
 .ARM.attributes
                0x0000000000000476       0x2d /home/copyright/AboutPath/gcc-arm-none-eabi-10-2020-q4-major/bin/../lib/gcc/arm-none-eabi/10.2.1/../../../../arm-none-eabi/lib/thumb/v7-m/nofp/libc_nano.a(lib_a-sbrkr.o)
 .ARM.attributes
                0x00000000000004a3       0x2d /home/copyright/AboutPath/gcc-arm-none-eabi-10-2020-q4-major/bin/../lib/gcc/arm-none-eabi/10.2.1/../../../../arm-none-eabi/lib/thumb/v7-m/nofp/libc_nano.a(lib_a-stdio.o)
 .ARM.attributes
                0x00000000000004d0       0x2d /home/copyright/AboutPath/gcc-arm-none-eabi-10-2020-q4-major/bin/../lib/gcc/arm-none-eabi/10.2.1/../../../../arm-none-eabi/lib/thumb/v7-m/nofp/libc_nano.a(lib_a-wbuf.o)
 .ARM.attributes
                0x00000000000004fd       0x2d /home/copyright/AboutPath/gcc-arm-none-eabi-10-2020-q4-major/bin/../lib/gcc/arm-none-eabi/10.2.1/../../../../arm-none-eabi/lib/thumb/v7-m/nofp/libc_nano.a(lib_a-writer.o)
 .ARM.attributes
                0x000000000000052a       0x2d /home/copyright/AboutPath/gcc-arm-none-eabi-10-2020-q4-major/bin/../lib/gcc/arm-none-eabi/10.2.1/../../../../arm-none-eabi/lib/thumb/v7-m/nofp/libc_nano.a(lib_a-wsetup.o)
 .ARM.attributes
                0x0000000000000557       0x2d /home/copyright/AboutPath/gcc-arm-none-eabi-10-2020-q4-major/bin/../lib/gcc/arm-none-eabi/10.2.1/../../../../arm-none-eabi/lib/thumb/v7-m/nofp/libc_nano.a(lib_a-closer.o)
 .ARM.attributes
                0x0000000000000584       0x2d /home/copyright/AboutPath/gcc-arm-none-eabi-10-2020-q4-major/bin/../lib/gcc/arm-none-eabi/10.2.1/../../../../arm-none-eabi/lib/thumb/v7-m/nofp/libc_nano.a(lib_a-fflush.o)
 .ARM.attributes
                0x00000000000005b1       0x2d /home/copyright/AboutPath/gcc-arm-none-eabi-10-2020-q4-major/bin/../lib/gcc/arm-none-eabi/10.2.1/../../../../arm-none-eabi/lib/thumb/v7-m/nofp/libc_nano.a(lib_a-lseekr.o)
 .ARM.attributes
                0x00000000000005de       0x2d /home/copyright/AboutPath/gcc-arm-none-eabi-10-2020-q4-major/bin/../lib/gcc/arm-none-eabi/10.2.1/../../../../arm-none-eabi/lib/thumb/v7-m/nofp/libc_nano.a(lib_a-makebuf.o)
 .ARM.attributes
                0x000000000000060b       0x2d /home/copyright/AboutPath/gcc-arm-none-eabi-10-2020-q4-major/bin/../lib/gcc/arm-none-eabi/10.2.1/../../../../arm-none-eabi/lib/thumb/v7-m/nofp/libc_nano.a(lib_a-memchr-stub.o)
 .ARM.attributes
                0x0000000000000638       0x2d /home/copyright/AboutPath/gcc-arm-none-eabi-10-2020-q4-major/bin/../lib/gcc/arm-none-eabi/10.2.1/../../../../arm-none-eabi/lib/thumb/v7-m/nofp/libc_nano.a(lib_a-mlock.o)
 .ARM.attributes
                0x0000000000000665       0x2d /home/copyright/AboutPath/gcc-arm-none-eabi-10-2020-q4-major/bin/../lib/gcc/arm-none-eabi/10.2.1/../../../../arm-none-eabi/lib/thumb/v7-m/nofp/libc_nano.a(lib_a-nano-freer.o)
 .ARM.attributes
                0x0000000000000692       0x2d /home/copyright/AboutPath/gcc-arm-none-eabi-10-2020-q4-major/bin/../lib/gcc/arm-none-eabi/10.2.1/../../../../arm-none-eabi/lib/thumb/v7-m/nofp/libc_nano.a(lib_a-readr.o)
 .ARM.attributes
                0x00000000000006bf       0x2d /home/copyright/AboutPath/gcc-arm-none-eabi-10-2020-q4-major/bin/../lib/gcc/arm-none-eabi/10.2.1/../../../../arm-none-eabi/lib/thumb/v7-m/nofp/libc_nano.a(lib_a-reent.o)
 .ARM.attributes
                0x00000000000006ec       0x2d /home/copyright/AboutPath/gcc-arm-none-eabi-10-2020-q4-major/bin/../lib/gcc/arm-none-eabi/10.2.1/../../../../arm-none-eabi/lib/thumb/v7-m/nofp/libc_nano.a(lib_a-fstatr.o)
 .ARM.attributes
                0x0000000000000719       0x2d /home/copyright/AboutPath/gcc-arm-none-eabi-10-2020-q4-major/bin/../lib/gcc/arm-none-eabi/10.2.1/../../../../arm-none-eabi/lib/thumb/v7-m/nofp/libc_nano.a(lib_a-isattyr.o)
 .ARM.attributes
                0x0000000000000746       0x2d /home/copyright/AboutPath/gcc-arm-none-eabi-10-2020-q4-major/bin/../lib/gcc/arm-none-eabi/10.2.1/../../../../arm-none-eabi/lib/thumb/v7-m/nofp/libnosys.a(close.o)
 .ARM.attributes
                0x0000000000000773       0x2d /home/copyright/AboutPath/gcc-arm-none-eabi-10-2020-q4-major/bin/../lib/gcc/arm-none-eabi/10.2.1/../../../../arm-none-eabi/lib/thumb/v7-m/nofp/libnosys.a(fstat.o)
 .ARM.attributes
                0x00000000000007a0       0x2d /home/copyright/AboutPath/gcc-arm-none-eabi-10-2020-q4-major/bin/../lib/gcc/arm-none-eabi/10.2.1/../../../../arm-none-eabi/lib/thumb/v7-m/nofp/libnosys.a(isatty.o)
 .ARM.attributes
                0x00000000000007cd       0x2d /home/copyright/AboutPath/gcc-arm-none-eabi-10-2020-q4-major/bin/../lib/gcc/arm-none-eabi/10.2.1/../../../../arm-none-eabi/lib/thumb/v7-m/nofp/libnosys.a(lseek.o)
 .ARM.attributes
                0x00000000000007fa       0x2d /home/copyright/AboutPath/gcc-arm-none-eabi-10-2020-q4-major/bin/../lib/gcc/arm-none-eabi/10.2.1/../../../../arm-none-eabi/lib/thumb/v7-m/nofp/libnosys.a(read.o)
 .ARM.attributes
                0x0000000000000827       0x2d /home/copyright/AboutPath/gcc-arm-none-eabi-10-2020-q4-major/bin/../lib/gcc/arm-none-eabi/10.2.1/../../../../arm-none-eabi/lib/thumb/v7-m/nofp/libnosys.a(sbrk.o)
 .ARM.attributes
                0x0000000000000854       0x1d /home/copyright/AboutPath/gcc-arm-none-eabi-10-2020-q4-major/bin/../lib/gcc/arm-none-eabi/10.2.1/thumb/v7-m/nofp/crtn.o
OUTPUT(build/test.elf elf32-littlearm)
LOAD linker stubs
LOAD /home/copyright/AboutPath/gcc-arm-none-eabi-10-2020-q4-major/bin/../lib/gcc/arm-none-eabi/10.2.1/../../../../arm-none-eabi/lib/thumb/v7-m/nofp/libc.a
LOAD /home/copyright/AboutPath/gcc-arm-none-eabi-10-2020-q4-major/bin/../lib/gcc/arm-none-eabi/10.2.1/../../../../arm-none-eabi/lib/thumb/v7-m/nofp/libm.a
LOAD /home/copyright/AboutPath/gcc-arm-none-eabi-10-2020-q4-major/bin/../lib/gcc/arm-none-eabi/10.2.1/thumb/v7-m/nofp/libgcc.a

.debug_info     0x0000000000000000     0x713e
 .debug_info    0x0000000000000000      0x9b1 build/main.o
 .debug_info    0x00000000000009b1      0x1b6 build/gpio.o
 .debug_info    0x0000000000000b67      0x6e1 build/stm32f1xx_it.o
 .debug_info    0x0000000000001248      0x238 build/stm32f1xx_hal_msp.o
 .debug_info    0x0000000000001480      0x8bb build/stm32f1xx_hal.o
 .debug_info    0x0000000000001d3b      0xaec build/stm32f1xx_hal_rcc.o
 .debug_info    0x0000000000002827      0x6d7 build/stm32f1xx_hal_gpio.o
 .debug_info    0x0000000000002efe      0x8ba build/stm32f1xx_hal_dma.o
 .debug_info    0x00000000000037b8      0xe93 build/stm32f1xx_hal_cortex.o
 .debug_info    0x000000000000464b      0x26e build/system_stm32f1xx.o
 .debug_info    0x00000000000048b9      0x37b build/dma.o
 .debug_info    0x0000000000004c34      0xb3b build/usart.o
 .debug_info    0x000000000000576f     0x19ad build/stm32f1xx_hal_uart.o
 .debug_info    0x000000000000711c       0x22 build/startup_stm32f103xe.o

.debug_abbrev   0x0000000000000000     0x18aa
 .debug_abbrev  0x0000000000000000      0x248 build/main.o
 .debug_abbrev  0x0000000000000248       0xc1 build/gpio.o
 .debug_abbrev  0x0000000000000309      0x157 build/stm32f1xx_it.o
 .debug_abbrev  0x0000000000000460       0xe7 build/stm32f1xx_hal_msp.o
 .debug_abbrev  0x0000000000000547      0x1f7 build/stm32f1xx_hal.o
 .debug_abbrev  0x000000000000073e      0x29a build/stm32f1xx_hal_rcc.o
 .debug_abbrev  0x00000000000009d8      0x222 build/stm32f1xx_hal_gpio.o
 .debug_abbrev  0x0000000000000bfa      0x262 build/stm32f1xx_hal_dma.o
 .debug_abbrev  0x0000000000000e5c      0x359 build/stm32f1xx_hal_cortex.o
 .debug_abbrev  0x00000000000011b5      0x140 build/system_stm32f1xx.o
 .debug_abbrev  0x00000000000012f5      0x117 build/dma.o
 .debug_abbrev  0x000000000000140c      0x1e1 build/usart.o
 .debug_abbrev  0x00000000000015ed      0x2ab build/stm32f1xx_hal_uart.o
 .debug_abbrev  0x0000000000001898       0x12 build/startup_stm32f103xe.o

.debug_loc      0x0000000000000000     0x4210
 .debug_loc     0x0000000000000000      0x189 build/main.o
 .debug_loc     0x0000000000000189       0x2c build/gpio.o
 .debug_loc     0x00000000000001b5       0x60 build/stm32f1xx_it.o
 .debug_loc     0x0000000000000215       0x41 build/stm32f1xx_hal_msp.o
 .debug_loc     0x0000000000000256      0x1e1 build/stm32f1xx_hal.o
 .debug_loc     0x0000000000000437      0x7ee build/stm32f1xx_hal_rcc.o
 .debug_loc     0x0000000000000c25      0x551 build/stm32f1xx_hal_gpio.o
 .debug_loc     0x0000000000001176      0x8ea build/stm32f1xx_hal_dma.o
 .debug_loc     0x0000000000001a60      0x77f build/stm32f1xx_hal_cortex.o
 .debug_loc     0x00000000000021df       0xff build/system_stm32f1xx.o
 .debug_loc     0x00000000000022de       0x38 build/dma.o
 .debug_loc     0x0000000000002316       0xf5 build/usart.o
 .debug_loc     0x000000000000240b     0x1e05 build/stm32f1xx_hal_uart.o

.debug_aranges  0x0000000000000000      0x638
 .debug_aranges
                0x0000000000000000       0x40 build/main.o
 .debug_aranges
                0x0000000000000040       0x20 build/gpio.o
 .debug_aranges
                0x0000000000000060       0x70 build/stm32f1xx_it.o
 .debug_aranges
                0x00000000000000d0       0x20 build/stm32f1xx_hal_msp.o
 .debug_aranges
                0x00000000000000f0       0xe0 build/stm32f1xx_hal.o
 .debug_aranges
                0x00000000000001d0       0x90 build/stm32f1xx_hal_rcc.o
 .debug_aranges
                0x0000000000000260       0x58 build/stm32f1xx_hal_gpio.o
 .debug_aranges
                0x00000000000002b8       0x80 build/stm32f1xx_hal_dma.o
 .debug_aranges
                0x0000000000000338       0x90 build/stm32f1xx_hal_cortex.o
 .debug_aranges
                0x00000000000003c8       0x28 build/system_stm32f1xx.o
 .debug_aranges
                0x00000000000003f0       0x20 build/dma.o
 .debug_aranges
                0x0000000000000410       0x30 build/usart.o
 .debug_aranges
                0x0000000000000440      0x1d0 build/stm32f1xx_hal_uart.o
 .debug_aranges
                0x0000000000000610       0x28 build/startup_stm32f103xe.o

.debug_ranges   0x0000000000000000      0x5e0
 .debug_ranges  0x0000000000000000       0x30 build/main.o
 .debug_ranges  0x0000000000000030       0x10 build/gpio.o
 .debug_ranges  0x0000000000000040       0x60 build/stm32f1xx_it.o
 .debug_ranges  0x00000000000000a0       0x10 build/stm32f1xx_hal_msp.o
 .debug_ranges  0x00000000000000b0       0xd0 build/stm32f1xx_hal.o
 .debug_ranges  0x0000000000000180       0xa0 build/stm32f1xx_hal_rcc.o
 .debug_ranges  0x0000000000000220       0x48 build/stm32f1xx_hal_gpio.o
 .debug_ranges  0x0000000000000268       0x70 build/stm32f1xx_hal_dma.o
 .debug_ranges  0x00000000000002d8       0xe0 build/stm32f1xx_hal_cortex.o
 .debug_ranges  0x00000000000003b8       0x18 build/system_stm32f1xx.o
 .debug_ranges  0x00000000000003d0       0x10 build/dma.o
 .debug_ranges  0x00000000000003e0       0x20 build/usart.o
 .debug_ranges  0x0000000000000400      0x1c0 build/stm32f1xx_hal_uart.o
 .debug_ranges  0x00000000000005c0       0x20 build/startup_stm32f103xe.o

.debug_line     0x0000000000000000     0x579b
 .debug_line    0x0000000000000000      0x423 build/main.o
 .debug_line    0x0000000000000423      0x167 build/gpio.o
 .debug_line    0x000000000000058a      0x2fd build/stm32f1xx_it.o
 .debug_line    0x0000000000000887      0x175 build/stm32f1xx_hal_msp.o
 .debug_line    0x00000000000009fc      0x526 build/stm32f1xx_hal.o
 .debug_line    0x0000000000000f22      0xc24 build/stm32f1xx_hal_rcc.o
 .debug_line    0x0000000000001b46      0x5ef build/stm32f1xx_hal_gpio.o
 .debug_line    0x0000000000002135      0xce3 build/stm32f1xx_hal_dma.o
 .debug_line    0x0000000000002e18      0x631 build/stm32f1xx_hal_cortex.o
 .debug_line    0x0000000000003449      0x23e build/system_stm32f1xx.o
 .debug_line    0x0000000000003687      0x197 build/dma.o
 .debug_line    0x000000000000381e      0x35b build/usart.o
 .debug_line    0x0000000000003b79     0x1bb0 build/stm32f1xx_hal_uart.o
 .debug_line    0x0000000000005729       0x72 build/startup_stm32f103xe.o

.debug_str      0x0000000000000000     0x1ef4
 .debug_str     0x0000000000000000      0x6dd build/main.o
                                        0x775 (size before relaxing)
 .debug_str     0x00000000000006dd       0x56 build/gpio.o
                                        0x1db (size before relaxing)
 .debug_str     0x0000000000000733      0x115 build/stm32f1xx_it.o
                                        0x641 (size before relaxing)
 .debug_str     0x0000000000000848       0x57 build/stm32f1xx_hal_msp.o
                                        0x215 (size before relaxing)
 .debug_str     0x000000000000089f      0x6df build/stm32f1xx_hal.o
                                        0x8fe (size before relaxing)
 .debug_str     0x0000000000000f7e      0x24e build/stm32f1xx_hal_rcc.o
                                        0x621 (size before relaxing)
 .debug_str     0x00000000000011cc      0x155 build/stm32f1xx_hal_gpio.o
                                        0x3f6 (size before relaxing)
 .debug_str     0x0000000000001321      0x229 build/stm32f1xx_hal_dma.o
                                        0x5f3 (size before relaxing)
 .debug_str     0x000000000000154a      0x3c2 build/stm32f1xx_hal_cortex.o
                                        0x9ad (size before relaxing)
 .debug_str     0x000000000000190c       0x4f build/system_stm32f1xx.o
                                        0x24a (size before relaxing)
 .debug_str     0x000000000000195b        0xf build/dma.o
                                        0x5ba (size before relaxing)
 .debug_str     0x000000000000196a       0x5e build/usart.o
                                        0xa89 (size before relaxing)
 .debug_str     0x00000000000019c8      0x508 build/stm32f1xx_hal_uart.o
                                        0xb98 (size before relaxing)
 .debug_str     0x0000000000001ed0       0x24 build/startup_stm32f103xe.o
                                         0x69 (size before relaxing)

.comment        0x0000000000000000       0x4d
 .comment       0x0000000000000000       0x4d build/main.o
                                         0x4e (size before relaxing)
 .comment       0x000000000000004d       0x4e build/gpio.o
 .comment       0x000000000000004d       0x4e build/stm32f1xx_it.o
 .comment       0x000000000000004d       0x4e build/stm32f1xx_hal_msp.o
 .comment       0x000000000000004d       0x4e build/stm32f1xx_hal.o
 .comment       0x000000000000004d       0x4e build/stm32f1xx_hal_rcc.o
 .comment       0x000000000000004d       0x4e build/stm32f1xx_hal_gpio.o
 .comment       0x000000000000004d       0x4e build/stm32f1xx_hal_dma.o
 .comment       0x000000000000004d       0x4e build/stm32f1xx_hal_cortex.o
 .comment       0x000000000000004d       0x4e build/system_stm32f1xx.o
 .comment       0x000000000000004d       0x4e build/dma.o
 .comment       0x000000000000004d       0x4e build/usart.o
 .comment       0x000000000000004d       0x4e build/stm32f1xx_hal_uart.o

.debug_frame    0x0000000000000000     0x16cc
 .debug_frame   0x0000000000000000       0x90 build/main.o
 .debug_frame   0x0000000000000090       0x28 build/gpio.o
 .debug_frame   0x00000000000000b8       0xd8 build/stm32f1xx_it.o
 .debug_frame   0x0000000000000190       0x28 build/stm32f1xx_hal_msp.o
 .debug_frame   0x00000000000001b8      0x1cc build/stm32f1xx_hal.o
 .debug_frame   0x0000000000000384      0x190 build/stm32f1xx_hal_rcc.o
 .debug_frame   0x0000000000000514       0xe4 build/stm32f1xx_hal_gpio.o
 .debug_frame   0x00000000000005f8      0x140 build/stm32f1xx_hal_dma.o
 .debug_frame   0x0000000000000738      0x118 build/stm32f1xx_hal_cortex.o
 .debug_frame   0x0000000000000850       0x30 build/system_stm32f1xx.o
 .debug_frame   0x0000000000000880       0x2c build/dma.o
 .debug_frame   0x00000000000008ac       0x64 build/usart.o
 .debug_frame   0x0000000000000910      0x4e8 build/stm32f1xx_hal_uart.o
 .debug_frame   0x0000000000000df8       0x2c /home/copyright/AboutPath/gcc-arm-none-eabi-10-2020-q4-major/bin/../lib/gcc/arm-none-eabi/10.2.1/../../../../arm-none-eabi/lib/thumb/v7-m/nofp/libc_nano.a(lib_a-init.o)
 .debug_frame   0x0000000000000e24       0x20 /home/copyright/AboutPath/gcc-arm-none-eabi-10-2020-q4-major/bin/../lib/gcc/arm-none-eabi/10.2.1/../../../../arm-none-eabi/lib/thumb/v7-m/nofp/libc_nano.a(lib_a-memset.o)
 .debug_frame   0x0000000000000e44       0x74 /home/copyright/AboutPath/gcc-arm-none-eabi-10-2020-q4-major/bin/../lib/gcc/arm-none-eabi/10.2.1/../../../../arm-none-eabi/lib/thumb/v7-m/nofp/libc_nano.a(lib_a-printf.o)
 .debug_frame   0x0000000000000eb8      0x14c /home/copyright/AboutPath/gcc-arm-none-eabi-10-2020-q4-major/bin/../lib/gcc/arm-none-eabi/10.2.1/../../../../arm-none-eabi/lib/thumb/v7-m/nofp/libc_nano.a(lib_a-findfp.o)
 .debug_frame   0x0000000000001004       0x54 /home/copyright/AboutPath/gcc-arm-none-eabi-10-2020-q4-major/bin/../lib/gcc/arm-none-eabi/10.2.1/../../../../arm-none-eabi/lib/thumb/v7-m/nofp/libc_nano.a(lib_a-fwalk.o)
 .debug_frame   0x0000000000001058       0xb0 /home/copyright/AboutPath/gcc-arm-none-eabi-10-2020-q4-major/bin/../lib/gcc/arm-none-eabi/10.2.1/../../../../arm-none-eabi/lib/thumb/v7-m/nofp/libc_nano.a(lib_a-lock.o)
 .debug_frame   0x0000000000001108       0x30 /home/copyright/AboutPath/gcc-arm-none-eabi-10-2020-q4-major/bin/../lib/gcc/arm-none-eabi/10.2.1/../../../../arm-none-eabi/lib/thumb/v7-m/nofp/libc_nano.a(lib_a-nano-mallocr.o)
 .debug_frame   0x0000000000001138       0xac /home/copyright/AboutPath/gcc-arm-none-eabi-10-2020-q4-major/bin/../lib/gcc/arm-none-eabi/10.2.1/../../../../arm-none-eabi/lib/thumb/v7-m/nofp/libc_nano.a(lib_a-nano-vfprintf.o)
 .debug_frame   0x00000000000011e4       0x60 /home/copyright/AboutPath/gcc-arm-none-eabi-10-2020-q4-major/bin/../lib/gcc/arm-none-eabi/10.2.1/../../../../arm-none-eabi/lib/thumb/v7-m/nofp/libc_nano.a(lib_a-nano-vfprintf_i.o)
 .debug_frame   0x0000000000001244       0x2c /home/copyright/AboutPath/gcc-arm-none-eabi-10-2020-q4-major/bin/../lib/gcc/arm-none-eabi/10.2.1/../../../../arm-none-eabi/lib/thumb/v7-m/nofp/libc_nano.a(lib_a-sbrkr.o)
 .debug_frame   0x0000000000001270       0x88 /home/copyright/AboutPath/gcc-arm-none-eabi-10-2020-q4-major/bin/../lib/gcc/arm-none-eabi/10.2.1/../../../../arm-none-eabi/lib/thumb/v7-m/nofp/libc_nano.a(lib_a-stdio.o)
 .debug_frame   0x00000000000012f8       0x40 /home/copyright/AboutPath/gcc-arm-none-eabi-10-2020-q4-major/bin/../lib/gcc/arm-none-eabi/10.2.1/../../../../arm-none-eabi/lib/thumb/v7-m/nofp/libc_nano.a(lib_a-wbuf.o)
 .debug_frame   0x0000000000001338       0x2c /home/copyright/AboutPath/gcc-arm-none-eabi-10-2020-q4-major/bin/../lib/gcc/arm-none-eabi/10.2.1/../../../../arm-none-eabi/lib/thumb/v7-m/nofp/libc_nano.a(lib_a-writer.o)
 .debug_frame   0x0000000000001364       0x2c /home/copyright/AboutPath/gcc-arm-none-eabi-10-2020-q4-major/bin/../lib/gcc/arm-none-eabi/10.2.1/../../../../arm-none-eabi/lib/thumb/v7-m/nofp/libc_nano.a(lib_a-wsetup.o)
 .debug_frame   0x0000000000001390       0x2c /home/copyright/AboutPath/gcc-arm-none-eabi-10-2020-q4-major/bin/../lib/gcc/arm-none-eabi/10.2.1/../../../../arm-none-eabi/lib/thumb/v7-m/nofp/libc_nano.a(lib_a-closer.o)
 .debug_frame   0x00000000000013bc       0x5c /home/copyright/AboutPath/gcc-arm-none-eabi-10-2020-q4-major/bin/../lib/gcc/arm-none-eabi/10.2.1/../../../../arm-none-eabi/lib/thumb/v7-m/nofp/libc_nano.a(lib_a-fflush.o)
 .debug_frame   0x0000000000001418       0x2c /home/copyright/AboutPath/gcc-arm-none-eabi-10-2020-q4-major/bin/../lib/gcc/arm-none-eabi/10.2.1/../../../../arm-none-eabi/lib/thumb/v7-m/nofp/libc_nano.a(lib_a-lseekr.o)
 .debug_frame   0x0000000000001444       0x58 /home/copyright/AboutPath/gcc-arm-none-eabi-10-2020-q4-major/bin/../lib/gcc/arm-none-eabi/10.2.1/../../../../arm-none-eabi/lib/thumb/v7-m/nofp/libc_nano.a(lib_a-makebuf.o)
 .debug_frame   0x000000000000149c       0x28 /home/copyright/AboutPath/gcc-arm-none-eabi-10-2020-q4-major/bin/../lib/gcc/arm-none-eabi/10.2.1/../../../../arm-none-eabi/lib/thumb/v7-m/nofp/libc_nano.a(lib_a-memchr-stub.o)
 .debug_frame   0x00000000000014c4       0x30 /home/copyright/AboutPath/gcc-arm-none-eabi-10-2020-q4-major/bin/../lib/gcc/arm-none-eabi/10.2.1/../../../../arm-none-eabi/lib/thumb/v7-m/nofp/libc_nano.a(lib_a-mlock.o)
 .debug_frame   0x00000000000014f4       0x38 /home/copyright/AboutPath/gcc-arm-none-eabi-10-2020-q4-major/bin/../lib/gcc/arm-none-eabi/10.2.1/../../../../arm-none-eabi/lib/thumb/v7-m/nofp/libc_nano.a(lib_a-nano-freer.o)
 .debug_frame   0x000000000000152c       0x2c /home/copyright/AboutPath/gcc-arm-none-eabi-10-2020-q4-major/bin/../lib/gcc/arm-none-eabi/10.2.1/../../../../arm-none-eabi/lib/thumb/v7-m/nofp/libc_nano.a(lib_a-readr.o)
 .debug_frame   0x0000000000001558       0x5c /home/copyright/AboutPath/gcc-arm-none-eabi-10-2020-q4-major/bin/../lib/gcc/arm-none-eabi/10.2.1/../../../../arm-none-eabi/lib/thumb/v7-m/nofp/libc_nano.a(lib_a-reent.o)
 .debug_frame   0x00000000000015b4       0x2c /home/copyright/AboutPath/gcc-arm-none-eabi-10-2020-q4-major/bin/../lib/gcc/arm-none-eabi/10.2.1/../../../../arm-none-eabi/lib/thumb/v7-m/nofp/libc_nano.a(lib_a-fstatr.o)
 .debug_frame   0x00000000000015e0       0x2c /home/copyright/AboutPath/gcc-arm-none-eabi-10-2020-q4-major/bin/../lib/gcc/arm-none-eabi/10.2.1/../../../../arm-none-eabi/lib/thumb/v7-m/nofp/libc_nano.a(lib_a-isattyr.o)
 .debug_frame   0x000000000000160c       0x20 /home/copyright/AboutPath/gcc-arm-none-eabi-10-2020-q4-major/bin/../lib/gcc/arm-none-eabi/10.2.1/../../../../arm-none-eabi/lib/thumb/v7-m/nofp/libnosys.a(close.o)
 .debug_frame   0x000000000000162c       0x20 /home/copyright/AboutPath/gcc-arm-none-eabi-10-2020-q4-major/bin/../lib/gcc/arm-none-eabi/10.2.1/../../../../arm-none-eabi/lib/thumb/v7-m/nofp/libnosys.a(fstat.o)
 .debug_frame   0x000000000000164c       0x20 /home/copyright/AboutPath/gcc-arm-none-eabi-10-2020-q4-major/bin/../lib/gcc/arm-none-eabi/10.2.1/../../../../arm-none-eabi/lib/thumb/v7-m/nofp/libnosys.a(isatty.o)
 .debug_frame   0x000000000000166c       0x20 /home/copyright/AboutPath/gcc-arm-none-eabi-10-2020-q4-major/bin/../lib/gcc/arm-none-eabi/10.2.1/../../../../arm-none-eabi/lib/thumb/v7-m/nofp/libnosys.a(lseek.o)
 .debug_frame   0x000000000000168c       0x20 /home/copyright/AboutPath/gcc-arm-none-eabi-10-2020-q4-major/bin/../lib/gcc/arm-none-eabi/10.2.1/../../../../arm-none-eabi/lib/thumb/v7-m/nofp/libnosys.a(read.o)
 .debug_frame   0x00000000000016ac       0x20 /home/copyright/AboutPath/gcc-arm-none-eabi-10-2020-q4-major/bin/../lib/gcc/arm-none-eabi/10.2.1/../../../../arm-none-eabi/lib/thumb/v7-m/nofp/libnosys.a(sbrk.o)

.stab           0x0000000000000000       0x84
 .stab          0x0000000000000000       0x24 /home/copyright/AboutPath/gcc-arm-none-eabi-10-2020-q4-major/bin/../lib/gcc/arm-none-eabi/10.2.1/../../../../arm-none-eabi/lib/thumb/v7-m/nofp/libnosys.a(close.o)
 .stab          0x0000000000000024       0x18 /home/copyright/AboutPath/gcc-arm-none-eabi-10-2020-q4-major/bin/../lib/gcc/arm-none-eabi/10.2.1/../../../../arm-none-eabi/lib/thumb/v7-m/nofp/libnosys.a(fstat.o)
                                         0x24 (size before relaxing)
 .stab          0x000000000000003c       0x18 /home/copyright/AboutPath/gcc-arm-none-eabi-10-2020-q4-major/bin/../lib/gcc/arm-none-eabi/10.2.1/../../../../arm-none-eabi/lib/thumb/v7-m/nofp/libnosys.a(isatty.o)
                                         0x24 (size before relaxing)
 .stab          0x0000000000000054       0x18 /home/copyright/AboutPath/gcc-arm-none-eabi-10-2020-q4-major/bin/../lib/gcc/arm-none-eabi/10.2.1/../../../../arm-none-eabi/lib/thumb/v7-m/nofp/libnosys.a(lseek.o)
                                         0x24 (size before relaxing)
 .stab          0x000000000000006c       0x18 /home/copyright/AboutPath/gcc-arm-none-eabi-10-2020-q4-major/bin/../lib/gcc/arm-none-eabi/10.2.1/../../../../arm-none-eabi/lib/thumb/v7-m/nofp/libnosys.a(read.o)
                                         0x24 (size before relaxing)

.stabstr        0x0000000000000000      0x117
 .stabstr       0x0000000000000000      0x117 /home/copyright/AboutPath/gcc-arm-none-eabi-10-2020-q4-major/bin/../lib/gcc/arm-none-eabi/10.2.1/../../../../arm-none-eabi/lib/thumb/v7-m/nofp/libnosys.a(close.o)

Cross Reference Table

Symbol                                            File
ADC1_2_IRQHandler                                 build/startup_stm32f103xe.o
ADC3_IRQHandler                                   build/startup_stm32f103xe.o
AHBPrescTable                                     build/system_stm32f1xx.o
                                                  build/stm32f1xx_hal_rcc.o
APBPrescTable                                     build/system_stm32f1xx.o
                                                  build/stm32f1xx_hal_rcc.o
BusFault_Handler                                  build/stm32f1xx_it.o
CAN1_RX1_IRQHandler                               build/startup_stm32f103xe.o
CAN1_SCE_IRQHandler                               build/startup_stm32f103xe.o
DMA1_Channel1_IRQHandler                          build/startup_stm32f103xe.o
DMA1_Channel2_IRQHandler                          build/startup_stm32f103xe.o
DMA1_Channel3_IRQHandler                          build/stm32f1xx_it.o
DMA1_Channel4_IRQHandler                          build/startup_stm32f103xe.o
DMA1_Channel5_IRQHandler                          build/startup_stm32f103xe.o
DMA1_Channel6_IRQHandler                          build/startup_stm32f103xe.o
DMA1_Channel7_IRQHandler                          build/startup_stm32f103xe.o
DMA2_Channel1_IRQHandler                          build/startup_stm32f103xe.o
DMA2_Channel2_IRQHandler                          build/startup_stm32f103xe.o
DMA2_Channel3_IRQHandler                          build/startup_stm32f103xe.o
DMA2_Channel4_5_IRQHandler                        build/startup_stm32f103xe.o
DebugMon_Handler                                  build/stm32f1xx_it.o
Default_Handler                                   build/startup_stm32f103xe.o
EXTI0_IRQHandler                                  build/startup_stm32f103xe.o
EXTI15_10_IRQHandler                              build/startup_stm32f103xe.o
EXTI1_IRQHandler                                  build/startup_stm32f103xe.o
EXTI2_IRQHandler                                  build/startup_stm32f103xe.o
EXTI3_IRQHandler                                  build/startup_stm32f103xe.o
EXTI4_IRQHandler                                  build/startup_stm32f103xe.o
EXTI9_5_IRQHandler                                build/startup_stm32f103xe.o
Error_Handler                                     build/main.o
                                                  build/usart.o
FLASH_IRQHandler                                  build/startup_stm32f103xe.o
FLASH_PageErase                                   build/stm32f1xx_hal_flash_ex.o
                                                  build/stm32f1xx_hal_flash.o
FLASH_WaitForLastOperation                        build/stm32f1xx_hal_flash.o
                                                  build/stm32f1xx_hal_flash_ex.o
FSMC_IRQHandler                                   build/startup_stm32f103xe.o
HAL_DBGMCU_DisableDBGSleepMode                    build/stm32f1xx_hal.o
HAL_DBGMCU_DisableDBGStandbyMode                  build/stm32f1xx_hal.o
HAL_DBGMCU_DisableDBGStopMode                     build/stm32f1xx_hal.o
HAL_DBGMCU_EnableDBGSleepMode                     build/stm32f1xx_hal.o
HAL_DBGMCU_EnableDBGStandbyMode                   build/stm32f1xx_hal.o
HAL_DBGMCU_EnableDBGStopMode                      build/stm32f1xx_hal.o
HAL_DMA_Abort                                     build/stm32f1xx_hal_dma.o
                                                  build/stm32f1xx_hal_uart.o
HAL_DMA_Abort_IT                                  build/stm32f1xx_hal_dma.o
                                                  build/stm32f1xx_hal_uart.o
HAL_DMA_DeInit                                    build/stm32f1xx_hal_dma.o
                                                  build/usart.o
HAL_DMA_GetError                                  build/stm32f1xx_hal_dma.o
                                                  build/stm32f1xx_hal_uart.o
HAL_DMA_GetState                                  build/stm32f1xx_hal_dma.o
HAL_DMA_IRQHandler                                build/stm32f1xx_hal_dma.o
                                                  build/stm32f1xx_it.o
HAL_DMA_Init                                      build/stm32f1xx_hal_dma.o
                                                  build/usart.o
HAL_DMA_PollForTransfer                           build/stm32f1xx_hal_dma.o
HAL_DMA_RegisterCallback                          build/stm32f1xx_hal_dma.o
HAL_DMA_Start                                     build/stm32f1xx_hal_dma.o
HAL_DMA_Start_IT                                  build/stm32f1xx_hal_dma.o
                                                  build/stm32f1xx_hal_uart.o
HAL_DMA_UnRegisterCallback                        build/stm32f1xx_hal_dma.o
HAL_DeInit                                        build/stm32f1xx_hal.o
HAL_Delay                                         build/stm32f1xx_hal.o
                                                  build/main.o
HAL_EXTI_ClearConfigLine                          build/stm32f1xx_hal_exti.o
HAL_EXTI_ClearPending                             build/stm32f1xx_hal_exti.o
HAL_EXTI_GenerateSWI                              build/stm32f1xx_hal_exti.o
HAL_EXTI_GetConfigLine                            build/stm32f1xx_hal_exti.o
HAL_EXTI_GetHandle                                build/stm32f1xx_hal_exti.o
HAL_EXTI_GetPending                               build/stm32f1xx_hal_exti.o
HAL_EXTI_IRQHandler                               build/stm32f1xx_hal_exti.o
HAL_EXTI_RegisterCallback                         build/stm32f1xx_hal_exti.o
HAL_EXTI_SetConfigLine                            build/stm32f1xx_hal_exti.o
HAL_FLASHEx_Erase                                 build/stm32f1xx_hal_flash_ex.o
HAL_FLASHEx_Erase_IT                              build/stm32f1xx_hal_flash_ex.o
HAL_FLASHEx_OBErase                               build/stm32f1xx_hal_flash_ex.o
HAL_FLASHEx_OBGetConfig                           build/stm32f1xx_hal_flash_ex.o
HAL_FLASHEx_OBGetUserData                         build/stm32f1xx_hal_flash_ex.o
HAL_FLASHEx_OBProgram                             build/stm32f1xx_hal_flash_ex.o
HAL_FLASH_EndOfOperationCallback                  build/stm32f1xx_hal_flash.o
HAL_FLASH_GetError                                build/stm32f1xx_hal_flash.o
HAL_FLASH_IRQHandler                              build/stm32f1xx_hal_flash.o
HAL_FLASH_Lock                                    build/stm32f1xx_hal_flash.o
HAL_FLASH_OB_Launch                               build/stm32f1xx_hal_flash.o
HAL_FLASH_OB_Lock                                 build/stm32f1xx_hal_flash.o
HAL_FLASH_OB_Unlock                               build/stm32f1xx_hal_flash.o
HAL_FLASH_OperationErrorCallback                  build/stm32f1xx_hal_flash.o
HAL_FLASH_Program                                 build/stm32f1xx_hal_flash.o
HAL_FLASH_Program_IT                              build/stm32f1xx_hal_flash.o
HAL_FLASH_Unlock                                  build/stm32f1xx_hal_flash.o
HAL_GPIOEx_ConfigEventout                         build/stm32f1xx_hal_gpio_ex.o
HAL_GPIOEx_DisableEventout                        build/stm32f1xx_hal_gpio_ex.o
HAL_GPIOEx_EnableEventout                         build/stm32f1xx_hal_gpio_ex.o
HAL_GPIO_DeInit                                   build/stm32f1xx_hal_gpio.o
                                                  build/usart.o
HAL_GPIO_EXTI_Callback                            build/stm32f1xx_hal_gpio.o
HAL_GPIO_EXTI_IRQHandler                          build/stm32f1xx_hal_gpio.o
HAL_GPIO_Init                                     build/stm32f1xx_hal_gpio.o
                                                  build/usart.o
                                                  build/stm32f1xx_hal_rcc.o
HAL_GPIO_LockPin                                  build/stm32f1xx_hal_gpio.o
HAL_GPIO_ReadPin                                  build/stm32f1xx_hal_gpio.o
HAL_GPIO_TogglePin                                build/stm32f1xx_hal_gpio.o
HAL_GPIO_WritePin                                 build/stm32f1xx_hal_gpio.o
HAL_GetDEVID                                      build/stm32f1xx_hal.o
HAL_GetHalVersion                                 build/stm32f1xx_hal.o
HAL_GetREVID                                      build/stm32f1xx_hal.o
HAL_GetTick                                       build/stm32f1xx_hal.o
                                                  build/stm32f1xx_hal_uart.o
                                                  build/stm32f1xx_hal_flash.o
                                                  build/stm32f1xx_hal_dma.o
                                                  build/stm32f1xx_hal_rcc_ex.o
                                                  build/stm32f1xx_hal_rcc.o
HAL_GetTickFreq                                   build/stm32f1xx_hal.o
HAL_GetTickPrio                                   build/stm32f1xx_hal.o
HAL_GetUIDw0                                      build/stm32f1xx_hal.o
HAL_GetUIDw1                                      build/stm32f1xx_hal.o
HAL_GetUIDw2                                      build/stm32f1xx_hal.o
HAL_HalfDuplex_EnableReceiver                     build/stm32f1xx_hal_uart.o
HAL_HalfDuplex_EnableTransmitter                  build/stm32f1xx_hal_uart.o
HAL_HalfDuplex_Init                               build/stm32f1xx_hal_uart.o
HAL_IncTick                                       build/stm32f1xx_hal.o
                                                  build/stm32f1xx_it.o
HAL_Init                                          build/stm32f1xx_hal.o
                                                  build/main.o
HAL_InitTick                                      build/stm32f1xx_hal.o
                                                  build/stm32f1xx_hal_rcc.o
HAL_LIN_Init                                      build/stm32f1xx_hal_uart.o
HAL_LIN_SendBreak                                 build/stm32f1xx_hal_uart.o
HAL_MspDeInit                                     build/stm32f1xx_hal.o
HAL_MspInit                                       build/stm32f1xx_hal_msp.o
HAL_MultiProcessor_EnterMuteMode                  build/stm32f1xx_hal_uart.o
HAL_MultiProcessor_ExitMuteMode                   build/stm32f1xx_hal_uart.o
HAL_MultiProcessor_Init                           build/stm32f1xx_hal_uart.o
HAL_NVIC_ClearPendingIRQ                          build/stm32f1xx_hal_cortex.o
HAL_NVIC_DisableIRQ                               build/stm32f1xx_hal_cortex.o
                                                  build/usart.o
HAL_NVIC_EnableIRQ                                build/stm32f1xx_hal_cortex.o
                                                  build/usart.o
                                                  build/dma.o
HAL_NVIC_GetActive                                build/stm32f1xx_hal_cortex.o
HAL_NVIC_GetPendingIRQ                            build/stm32f1xx_hal_cortex.o
HAL_NVIC_GetPriority                              build/stm32f1xx_hal_cortex.o
HAL_NVIC_GetPriorityGrouping                      build/stm32f1xx_hal_cortex.o
HAL_NVIC_SetPendingIRQ                            build/stm32f1xx_hal_cortex.o
HAL_NVIC_SetPriority                              build/stm32f1xx_hal_cortex.o
                                                  build/usart.o
                                                  build/dma.o
                                                  build/stm32f1xx_hal.o
HAL_NVIC_SetPriorityGrouping                      build/stm32f1xx_hal_cortex.o
                                                  build/stm32f1xx_hal.o
HAL_NVIC_SystemReset                              build/stm32f1xx_hal_cortex.o
                                                  build/stm32f1xx_hal_flash.o
HAL_PWR_ConfigPVD                                 build/stm32f1xx_hal_pwr.o
HAL_PWR_DeInit                                    build/stm32f1xx_hal_pwr.o
HAL_PWR_DisableBkUpAccess                         build/stm32f1xx_hal_pwr.o
HAL_PWR_DisablePVD                                build/stm32f1xx_hal_pwr.o
HAL_PWR_DisableSEVOnPend                          build/stm32f1xx_hal_pwr.o
HAL_PWR_DisableSleepOnExit                        build/stm32f1xx_hal_pwr.o
HAL_PWR_DisableWakeUpPin                          build/stm32f1xx_hal_pwr.o
HAL_PWR_EnableBkUpAccess                          build/stm32f1xx_hal_pwr.o
HAL_PWR_EnablePVD                                 build/stm32f1xx_hal_pwr.o
HAL_PWR_EnableSEVOnPend                           build/stm32f1xx_hal_pwr.o
HAL_PWR_EnableSleepOnExit                         build/stm32f1xx_hal_pwr.o
HAL_PWR_EnableWakeUpPin                           build/stm32f1xx_hal_pwr.o
HAL_PWR_EnterSLEEPMode                            build/stm32f1xx_hal_pwr.o
HAL_PWR_EnterSTANDBYMode                          build/stm32f1xx_hal_pwr.o
HAL_PWR_EnterSTOPMode                             build/stm32f1xx_hal_pwr.o
HAL_PWR_PVDCallback                               build/stm32f1xx_hal_pwr.o
HAL_PWR_PVD_IRQHandler                            build/stm32f1xx_hal_pwr.o
HAL_RCCEx_GetPeriphCLKConfig                      build/stm32f1xx_hal_rcc_ex.o
HAL_RCCEx_GetPeriphCLKFreq                        build/stm32f1xx_hal_rcc_ex.o
HAL_RCCEx_PeriphCLKConfig                         build/stm32f1xx_hal_rcc_ex.o
HAL_RCC_CSSCallback                               build/stm32f1xx_hal_rcc.o
HAL_RCC_ClockConfig                               build/stm32f1xx_hal_rcc.o
                                                  build/main.o
HAL_RCC_DeInit                                    build/stm32f1xx_hal_rcc.o
HAL_RCC_DisableCSS                                build/stm32f1xx_hal_rcc.o
HAL_RCC_EnableCSS                                 build/stm32f1xx_hal_rcc.o
HAL_RCC_GetClockConfig                            build/stm32f1xx_hal_rcc.o
HAL_RCC_GetHCLKFreq                               build/stm32f1xx_hal_rcc.o
HAL_RCC_GetOscConfig                              build/stm32f1xx_hal_rcc.o
HAL_RCC_GetPCLK1Freq                              build/stm32f1xx_hal_rcc.o
                                                  build/stm32f1xx_hal_uart.o
HAL_RCC_GetPCLK2Freq                              build/stm32f1xx_hal_rcc.o
                                                  build/stm32f1xx_hal_uart.o
                                                  build/stm32f1xx_hal_rcc_ex.o
HAL_RCC_GetSysClockFreq                           build/stm32f1xx_hal_rcc.o
                                                  build/stm32f1xx_hal_rcc_ex.o
HAL_RCC_MCOConfig                                 build/stm32f1xx_hal_rcc.o
HAL_RCC_NMI_IRQHandler                            build/stm32f1xx_hal_rcc.o
HAL_RCC_OscConfig                                 build/stm32f1xx_hal_rcc.o
                                                  build/main.o
HAL_ResumeTick                                    build/stm32f1xx_hal.o
HAL_SYSTICK_CLKSourceConfig                       build/stm32f1xx_hal_cortex.o
HAL_SYSTICK_Callback                              build/stm32f1xx_hal_cortex.o
HAL_SYSTICK_Config                                build/stm32f1xx_hal_cortex.o
                                                  build/stm32f1xx_hal.o
HAL_SYSTICK_IRQHandler                            build/stm32f1xx_hal_cortex.o
HAL_SetTickFreq                                   build/stm32f1xx_hal.o
HAL_SuspendTick                                   build/stm32f1xx_hal.o
HAL_UART_Abort                                    build/stm32f1xx_hal_uart.o
HAL_UART_AbortCpltCallback                        build/stm32f1xx_hal_uart.o
HAL_UART_AbortReceive                             build/stm32f1xx_hal_uart.o
HAL_UART_AbortReceiveCpltCallback                 build/stm32f1xx_hal_uart.o
HAL_UART_AbortReceive_IT                          build/stm32f1xx_hal_uart.o
HAL_UART_AbortTransmit                            build/stm32f1xx_hal_uart.o
HAL_UART_AbortTransmitCpltCallback                build/stm32f1xx_hal_uart.o
HAL_UART_AbortTransmit_IT                         build/stm32f1xx_hal_uart.o
HAL_UART_Abort_IT                                 build/stm32f1xx_hal_uart.o
HAL_UART_DMAPause                                 build/stm32f1xx_hal_uart.o
HAL_UART_DMAResume                                build/stm32f1xx_hal_uart.o
HAL_UART_DMAStop                                  build/stm32f1xx_hal_uart.o
HAL_UART_DeInit                                   build/stm32f1xx_hal_uart.o
HAL_UART_ErrorCallback                            build/stm32f1xx_hal_uart.o
HAL_UART_GetError                                 build/stm32f1xx_hal_uart.o
HAL_UART_GetState                                 build/stm32f1xx_hal_uart.o
HAL_UART_IRQHandler                               build/stm32f1xx_hal_uart.o
                                                  build/stm32f1xx_it.o
HAL_UART_Init                                     build/stm32f1xx_hal_uart.o
                                                  build/usart.o
HAL_UART_MspDeInit                                build/usart.o
HAL_UART_MspInit                                  build/usart.o
HAL_UART_Receive                                  build/stm32f1xx_hal_uart.o
HAL_UART_Receive_DMA                              build/stm32f1xx_hal_uart.o
HAL_UART_Receive_IT                               build/stm32f1xx_hal_uart.o
HAL_UART_RxCpltCallback                           build/stm32f1xx_hal_uart.o
HAL_UART_RxHalfCpltCallback                       build/stm32f1xx_hal_uart.o
HAL_UART_Transmit                                 build/stm32f1xx_hal_uart.o
                                                  build/main.o
HAL_UART_Transmit_DMA                             build/stm32f1xx_hal_uart.o
HAL_UART_Transmit_IT                              build/stm32f1xx_hal_uart.o
HAL_UART_TxCpltCallback                           build/stm32f1xx_hal_uart.o
HAL_UART_TxHalfCpltCallback                       build/stm32f1xx_hal_uart.o
HardFault_Handler                                 build/stm32f1xx_it.o
I2C1_ER_IRQHandler                                build/startup_stm32f103xe.o
I2C1_EV_IRQHandler                                build/startup_stm32f103xe.o
I2C2_ER_IRQHandler                                build/startup_stm32f103xe.o
I2C2_EV_IRQHandler                                build/startup_stm32f103xe.o
MX_DMA_Init                                       build/dma.o
                                                  build/main.o
MX_GPIO_Init                                      build/gpio.o
                                                  build/main.o
MX_USART3_UART_Init                               build/usart.o
                                                  build/main.o
MemManage_Handler                                 build/stm32f1xx_it.o
NMI_Handler                                       build/stm32f1xx_it.o
PVD_IRQHandler                                    build/startup_stm32f103xe.o
PendSV_Handler                                    build/stm32f1xx_it.o
RCC_IRQHandler                                    build/startup_stm32f103xe.o
RTC_Alarm_IRQHandler                              build/startup_stm32f103xe.o
RTC_IRQHandler                                    build/startup_stm32f103xe.o
Reset_Handler                                     build/startup_stm32f103xe.o
SDIO_IRQHandler                                   build/startup_stm32f103xe.o
SPI1_IRQHandler                                   build/startup_stm32f103xe.o
SPI2_IRQHandler                                   build/startup_stm32f103xe.o
SPI3_IRQHandler                                   build/startup_stm32f103xe.o
SVC_Handler                                       build/stm32f1xx_it.o
SysTick_Handler                                   build/stm32f1xx_it.o
SystemClock_Config                                build/main.o
SystemCoreClock                                   build/system_stm32f1xx.o
                                                  build/stm32f1xx_hal_rcc.o
                                                  build/stm32f1xx_hal.o
SystemCoreClockUpdate                             build/system_stm32f1xx.o
SystemInit                                        build/system_stm32f1xx.o
                                                  build/startup_stm32f103xe.o
TAMPER_IRQHandler                                 build/startup_stm32f103xe.o
TIM1_BRK_IRQHandler                               build/startup_stm32f103xe.o
TIM1_CC_IRQHandler                                build/startup_stm32f103xe.o
TIM1_TRG_COM_IRQHandler                           build/startup_stm32f103xe.o
TIM1_UP_IRQHandler                                build/startup_stm32f103xe.o
TIM2_IRQHandler                                   build/startup_stm32f103xe.o
TIM3_IRQHandler                                   build/startup_stm32f103xe.o
TIM4_IRQHandler                                   build/startup_stm32f103xe.o
TIM5_IRQHandler                                   build/startup_stm32f103xe.o
TIM6_IRQHandler                                   build/startup_stm32f103xe.o
TIM7_IRQHandler                                   build/startup_stm32f103xe.o
TIM8_BRK_IRQHandler                               build/startup_stm32f103xe.o
TIM8_CC_IRQHandler                                build/startup_stm32f103xe.o
TIM8_TRG_COM_IRQHandler                           build/startup_stm32f103xe.o
TIM8_UP_IRQHandler                                build/startup_stm32f103xe.o
UART4_IRQHandler                                  build/startup_stm32f103xe.o
UART5_IRQHandler                                  build/startup_stm32f103xe.o
USART1_IRQHandler                                 build/startup_stm32f103xe.o
USART2_IRQHandler                                 build/startup_stm32f103xe.o
USART3_IRQHandler                                 build/stm32f1xx_it.o
USBWakeUp_IRQHandler                              build/startup_stm32f103xe.o
USB_HP_CAN1_TX_IRQHandler                         build/startup_stm32f103xe.o
USB_LP_CAN1_RX0_IRQHandler                        build/startup_stm32f103xe.o
UsageFault_Handler                                build/stm32f1xx_it.o
WWDG_IRQHandler                                   build/startup_stm32f103xe.o
__bss_end__                                       /home/copyright/AboutPath/gcc-arm-none-eabi-10-2020-q4-major/bin/../lib/gcc/arm-none-eabi/10.2.1/../../../../arm-none-eabi/lib/thumb/v7-m/nofp/crt0.o
__bss_start__                                     /home/copyright/AboutPath/gcc-arm-none-eabi-10-2020-q4-major/bin/../lib/gcc/arm-none-eabi/10.2.1/../../../../arm-none-eabi/lib/thumb/v7-m/nofp/crt0.o
__call_exitprocs                                  /home/copyright/AboutPath/gcc-arm-none-eabi-10-2020-q4-major/bin/../lib/gcc/arm-none-eabi/10.2.1/../../../../arm-none-eabi/lib/thumb/v7-m/nofp/libc_nano.a(lib_a-exit.o)
__deregister_frame_info                           /home/copyright/AboutPath/gcc-arm-none-eabi-10-2020-q4-major/bin/../lib/gcc/arm-none-eabi/10.2.1/thumb/v7-m/nofp/crtbegin.o
__dso_handle                                      /home/copyright/AboutPath/gcc-arm-none-eabi-10-2020-q4-major/bin/../lib/gcc/arm-none-eabi/10.2.1/thumb/v7-m/nofp/crtbegin.o
__fp_lock_all                                     /home/copyright/AboutPath/gcc-arm-none-eabi-10-2020-q4-major/bin/../lib/gcc/arm-none-eabi/10.2.1/../../../../arm-none-eabi/lib/thumb/v7-m/nofp/libc_nano.a(lib_a-findfp.o)
__fp_unlock_all                                   /home/copyright/AboutPath/gcc-arm-none-eabi-10-2020-q4-major/bin/../lib/gcc/arm-none-eabi/10.2.1/../../../../arm-none-eabi/lib/thumb/v7-m/nofp/libc_nano.a(lib_a-findfp.o)
__init_array_end                                  /home/copyright/AboutPath/gcc-arm-none-eabi-10-2020-q4-major/bin/../lib/gcc/arm-none-eabi/10.2.1/../../../../arm-none-eabi/lib/thumb/v7-m/nofp/libc_nano.a(lib_a-init.o)
__init_array_start                                /home/copyright/AboutPath/gcc-arm-none-eabi-10-2020-q4-major/bin/../lib/gcc/arm-none-eabi/10.2.1/../../../../arm-none-eabi/lib/thumb/v7-m/nofp/libc_nano.a(lib_a-init.o)
__libc_fini_array                                 /home/copyright/AboutPath/gcc-arm-none-eabi-10-2020-q4-major/bin/../lib/gcc/arm-none-eabi/10.2.1/../../../../arm-none-eabi/lib/thumb/v7-m/nofp/crt0.o